###############################################################################
#
# IAR ELF Linker V8.20.2.14835/W32 for ARM                20/Jan/2022  15:26:26
# Copyright 2007-2017 IAR Systems AB.
#
#    Output file  =  
#        C:\ti\simplelink_cc13x2_26x2_sdk_2_40_00_81\examples\rtos\CC26X2R1_LAUNCHXL\ble5stack\CC2642_Impedance_3\tirtos\iar\app\FlashROM_Release\Exe\ble5_simple_peripheral_cc26x2r1lp_app_FlashROM_Release.out
#    Map file     =  
#        C:\ti\simplelink_cc13x2_26x2_sdk_2_40_00_81\examples\rtos\CC26X2R1_LAUNCHXL\ble5stack\CC2642_Impedance_3\tirtos\iar\app\FlashROM_Release\List\ble5_simple_peripheral_cc26x2r1lp_app_FlashROM_Release.map
#    Command line =  
#        -f C:\Users\USER-2~1\AppData\Local\Temp\EWB3CC.tmp
#        (C:\ti\simplelink_cc13x2_26x2_sdk_2_40_00_81\examples\rtos\CC26X2R1_LAUNCHXL\ble5stack\CC2642_Impedance_3\tirtos\iar\app\FlashROM_Release\Obj\ad5940.o
#        C:\ti\simplelink_cc13x2_26x2_sdk_2_40_00_81\examples\rtos\CC26X2R1_LAUNCHXL\ble5stack\CC2642_Impedance_3\tirtos\iar\app\FlashROM_Release\Obj\AD5940Main.o
#        C:\ti\simplelink_cc13x2_26x2_sdk_2_40_00_81\examples\rtos\CC26X2R1_LAUNCHXL\ble5stack\CC2642_Impedance_3\tirtos\iar\app\FlashROM_Release\Obj\ble_user_config.o
#        C:\ti\simplelink_cc13x2_26x2_sdk_2_40_00_81\examples\rtos\CC26X2R1_LAUNCHXL\ble5stack\CC2642_Impedance_3\tirtos\iar\app\FlashROM_Release\Obj\board.o
#        C:\ti\simplelink_cc13x2_26x2_sdk_2_40_00_81\examples\rtos\CC26X2R1_LAUNCHXL\ble5stack\CC2642_Impedance_3\tirtos\iar\app\FlashROM_Release\Obj\board_key.o
#        C:\ti\simplelink_cc13x2_26x2_sdk_2_40_00_81\examples\rtos\CC26X2R1_LAUNCHXL\ble5stack\CC2642_Impedance_3\tirtos\iar\stack\FlashROM_Library\Exe\cc26x2r1lp_stack_FlashROM_Library.a
#        C:\ti\simplelink_cc13x2_26x2_sdk_2_40_00_81\examples\rtos\CC26X2R1_LAUNCHXL\ble5stack\CC2642_Impedance_3\tirtos\iar\app\FlashROM_Release\Obj\ccfg_app_ble.o
#        C:\ti\simplelink_cc13x2_26x2_sdk_2_40_00_81\examples\rtos\CC26X2R1_LAUNCHXL\ble5stack\CC2642_Impedance_3\tirtos\iar\app\FlashROM_Release\Obj\crc.o
#        C:\ti\simplelink_cc13x2_26x2_sdk_2_40_00_81\examples\rtos\CC26X2R1_LAUNCHXL\ble5stack\CC2642_Impedance_3\tirtos\iar\app\FlashROM_Release\Obj\DevicePort.o
#        C:\ti\simplelink_cc13x2_26x2_sdk_2_40_00_81\examples\rtos\CC26X2R1_LAUNCHXL\ble5stack\CC2642_Impedance_3\tirtos\iar\app\FlashROM_Release\Obj\devinfoservice.o
#        C:\ti\simplelink_cc13x2_26x2_sdk_2_40_00_81\examples\rtos\CC26X2R1_LAUNCHXL\ble5stack\CC2642_Impedance_3\tirtos\iar\app\FlashROM_Release\Obj\gatt_uuid.o
#        C:\ti\simplelink_cc13x2_26x2_sdk_2_40_00_81\examples\rtos\CC26X2R1_LAUNCHXL\ble5stack\CC2642_Impedance_3\tirtos\iar\app\FlashROM_Release\Obj\gattservapp_util.o
#        C:\ti\simplelink_cc13x2_26x2_sdk_2_40_00_81\examples\rtos\CC26X2R1_LAUNCHXL\ble5stack\CC2642_Impedance_3\tirtos\iar\app\FlashROM_Release\Obj\icall.o
#        C:\ti\simplelink_cc13x2_26x2_sdk_2_40_00_81\examples\rtos\CC26X2R1_LAUNCHXL\ble5stack\CC2642_Impedance_3\tirtos\iar\app\FlashROM_Release\Obj\icall_api_lite.o
#        C:\ti\simplelink_cc13x2_26x2_sdk_2_40_00_81\examples\rtos\CC26X2R1_LAUNCHXL\ble5stack\CC2642_Impedance_3\tirtos\iar\app\FlashROM_Release\Obj\icall_cc2650.o
#        C:\ti\simplelink_cc13x2_26x2_sdk_2_40_00_81\examples\rtos\CC26X2R1_LAUNCHXL\ble5stack\CC2642_Impedance_3\tirtos\iar\app\FlashROM_Release\Obj\icall_user_config.o
#        C:\ti\simplelink_cc13x2_26x2_sdk_2_40_00_81\examples\rtos\CC26X2R1_LAUNCHXL\ble5stack\CC2642_Impedance_3\tirtos\iar\app\FlashROM_Release\Obj\Impedance.o
#        C:\ti\simplelink_cc13x2_26x2_sdk_2_40_00_81\examples\rtos\CC26X2R1_LAUNCHXL\ble5stack\CC2642_Impedance_3\tirtos\iar\app\FlashROM_Release\Obj\main.o
#        C:\ti\simplelink_cc13x2_26x2_sdk_2_40_00_81\examples\rtos\CC26X2R1_LAUNCHXL\ble5stack\CC2642_Impedance_3\tirtos\iar\app\FlashROM_Release\Obj\nvoctp.o
#        C:\ti\simplelink_cc13x2_26x2_sdk_2_40_00_81\examples\rtos\CC26X2R1_LAUNCHXL\ble5stack\CC2642_Impedance_3\tirtos\iar\app\FlashROM_Release\Obj\simple_gatt_profile.o
#        C:\ti\simplelink_cc13x2_26x2_sdk_2_40_00_81\examples\rtos\CC26X2R1_LAUNCHXL\ble5stack\CC2642_Impedance_3\tirtos\iar\app\FlashROM_Release\Obj\simple_peripheral.o
#        C:\ti\simplelink_cc13x2_26x2_sdk_2_40_00_81\examples\rtos\CC26X2R1_LAUNCHXL\ble5stack\CC2642_Impedance_3\tirtos\iar\app\FlashROM_Release\Obj\simple_peripheral_menu.o
#        C:\ti\simplelink_cc13x2_26x2_sdk_2_40_00_81\examples\rtos\CC26X2R1_LAUNCHXL\ble5stack\CC2642_Impedance_3\tirtos\iar\app\FlashROM_Release\Obj\TRNGCC26XX.o
#        C:\ti\simplelink_cc13x2_26x2_sdk_2_40_00_81\examples\rtos\CC26X2R1_LAUNCHXL\ble5stack\CC2642_Impedance_3\tirtos\iar\app\FlashROM_Release\Obj\two_btn_menu.o
#        C:\ti\simplelink_cc13x2_26x2_sdk_2_40_00_81\examples\rtos\CC26X2R1_LAUNCHXL\ble5stack\CC2642_Impedance_3\tirtos\iar\app\FlashROM_Release\Obj\util.o
#        -o
#        C:\ti\simplelink_cc13x2_26x2_sdk_2_40_00_81\examples\rtos\CC26X2R1_LAUNCHXL\ble5stack\CC2642_Impedance_3\tirtos\iar\app\FlashROM_Release\Exe\ble5_simple_peripheral_cc26x2r1lp_app_FlashROM_Release.out
#        --config_def CC2642=1 --config_def PAGE_ALIGN=1 --config_def
#        FLASH_ROM_BUILD=2 --map
#        C:\ti\simplelink_cc13x2_26x2_sdk_2_40_00_81\examples\rtos\CC26X2R1_LAUNCHXL\ble5stack\CC2642_Impedance_3\tirtos\iar\app\FlashROM_Release\List\ble5_simple_peripheral_cc26x2r1lp_app_FlashROM_Release.map
#        --config
#        C:\ti\simplelink_cc13x2_26x2_sdk_2_40_00_81\examples\rtos\CC26X2R1_LAUNCHXL\ble5stack\CC2642_Impedance_3\tirtos\iar\app\..\..\..\..\..\..\..\..\source\ti\ble5stack\common\cc26xx\iar\cc26xx_app_and_stack_agama.icf
#        --keep __vector_table -f
#        C:\ti\simplelink_cc13x2_26x2_sdk_2_40_00_81\examples\rtos\CC26X2R1_LAUNCHXL\ble5stack\CC2642_Impedance_3\tirtos\iar\app\..\config\configPkg\linker.cmd
#        (C:\ti\simplelink_cc13x2_26x2_sdk_2_40_00_81\examples\rtos\CC26X2R1_LAUNCHXL\ble5stack\CC2642_Impedance_3\tirtos\iar\config\configPkg\package\cfg\ble_release_prm4f.orm4f
#        C:\ti\simplelink_cc13x2_26x2_sdk_2_40_00_81\examples\rtos\CC26X2R1_LAUNCHXL\ble5stack\CC2642_Impedance_3\tirtos\src\sysbios\rom_sysbios.arm4f
#        C:\ti\simplelink_cc13x2_26x2_sdk_2_40_00_81\kernel\tirtos\packages\iar\targets\arm\rts\lib\release\boot.arm4f
#        --entry __iar_program_start --keep __vector_table --define_symbol
#        ti_sysbios_family_arm_m3_Hwi_nvic=0xe000e000 --keep
#        xdcRomExternFuncPtr --keep xdcRomStatePtr --keep xdcRomConstPtr
#        --define_symbol
#        ti_sysbios_heaps_HeapTrack_Object__delete__S=0x1002e5b9
#        --define_symbol ti_sysbios_heaps_HeapTrack_create=0x1002e0ad
#        --define_symbol
#        ti_sysbios_heaps_HeapTrack_Object__create__S=0x1002e081
#        --define_symbol memcpy=0x1002fdad --define_symbol strlen=0x1002fddb
#        --define_symbol memset=0x1002fdc5 --define_symbol
#        ti_sysbios_BIOS_RtsGateProxy_query__E=0x1002ec9b --define_symbol
#        ti_sysbios_knl_Queue_get__E=0x1002e951 --define_symbol
#        ti_sysbios_knl_Swi_enabled__E=0x1002ea39 --define_symbol
#        ti_sysbios_knl_Clock_scheduleNextTick__E=0x1002e81d --define_symbol
#        ti_sysbios_knl_Swi_runLoop__I=0x1002d081 --define_symbol
#        ti_sysbios_knl_Clock_getTicks__E=0x1002dc11 --define_symbol
#        ti_sysbios_knl_Queue_enqueue__E=0x1002ebd9 --define_symbol
#        ti_sysbios_knl_Queue_put__E=0x1002e96d --define_symbol
#        ti_sysbios_gates_GateHwi_Instance_init__E=0x1002d5d7 --define_symbol
#        ti_sysbios_hal_Hwi_Instance_finalize__E=0x1002ec15 --define_symbol
#        ti_sysbios_BIOS_RtsGateProxy_leave__E=0x1002ec7b --define_symbol
#        ti_sysbios_heaps_HeapMem_Object__create__S=0x1002de85 --define_symbol
#        xdc_runtime_Error_raiseX__E=0x1002f739 --define_symbol
#        ti_sysbios_hal_Hwi_getStackInfo__E=0x1002d9e9 --define_symbol
#        ti_sysbios_knl_Semaphore_construct=0x1002ddc1 --define_symbol
#        ti_sysbios_knl_Clock_TimerProxy_getMaxTicks__E=0x1002ead5
#        --define_symbol
#        ti_sysbios_family_arm_cc26xx_TimestampProvider_getFreq__E=0x1002eb3d
#        --define_symbol ti_sysbios_gates_GateMutex_Handle__label__S=0x1002e4e1
#        --define_symbol ti_sysbios_knl_Mailbox_delete=0x1002eccb
#        --define_symbol ti_sysbios_knl_Semaphore_destruct=0x1002e6fd
#        --define_symbol ti_sysbios_BIOS_RtsGateProxy_enter__E=0x1002ec77
#        --define_symbol ti_sysbios_knl_Task_processVitalTaskFlag__I=0x1002dc81
#        --define_symbol ti_sysbios_heaps_HeapTrack_free__E=0x1002bb01
#        --define_symbol ti_sysbios_knl_Mailbox_create=0x1002d311
#        --define_symbol xdc_runtime_Core_deleteObject__I=0x1002f367
#        --define_symbol ti_sysbios_knl_Queue_delete=0x1002eccf --define_symbol
#        xdc_runtime_SysCallback_Module__startupDone__S=0x1002f91f
#        --define_symbol
#        ti_sysbios_family_arm_m3_Hwi_doSwiRestore__I=0x1002ec29
#        --define_symbol xdc_runtime_Timestamp_getFreq__E=0x1002eb3d
#        --define_symbol ti_sysbios_heaps_HeapTrack_Params__init__S=0x1002eb85
#        --define_symbol ti_sysbios_knl_Event_Instance_init__E=0x1002ec1f
#        --define_symbol xdc_runtime_System_atexit__E=0x1002f559
#        --define_symbol ti_sysbios_gates_GateMutex_Params__init__S=0x1002eb79
#        --define_symbol ti_sysbios_knl_Clock_getTimerHandle__E=0x1002eba9
#        --define_symbol ti_sysbios_knl_Task_enable__E=0x1002ec71
#        --define_symbol xdc_runtime_Memory_getStats__E=0x1002f831
#        --define_symbol
#        ti_sysbios_knl_Clock_TimerProxy_getExpiredTicks__E=0x1002ecb3
#        --define_symbol xdc_runtime_Timestamp_SupportProxy_get64__E=0x1002dffd
#        --define_symbol ti_sysbios_family_arm_m3_Hwi_excNmi__I=0x1002da71
#        --define_symbol ti_sysbios_knl_Clock_Object__delete__S=0x1002e29d
#        --define_symbol ti_sysbios_gates_GateMutex_delete=0x1002ec97
#        --define_symbol ti_sysbios_heaps_HeapMem_restore__E=0x1002eb13
#        --define_symbol ti_sysbios_knl_Swi_create=0x1002d765 --define_symbol
#        ti_sysbios_heaps_HeapMem_Module_GateProxy_leave__E=0x1002ecaf
#        --define_symbol ti_sysbios_knl_Semaphore_pend__E=0x1002bfb1
#        --define_symbol ti_sysbios_knl_Mailbox_Instance_finalize__E=0x1002d2b5
#        --define_symbol xdc_runtime_Startup_startMods__I=0x1002f055
#        --define_symbol ti_sysbios_heaps_HeapMem_init__I=0x1002dd25
#        --define_symbol ti_sysbios_knl_Swi_Object__delete__S=0x1002e769
#        --define_symbol
#        ti_sysbios_hal_Hwi_HwiProxy_enableInterrupt__E=0x1002d91d
#        --define_symbol ti_sysbios_family_arm_m3_Hwi_excSvCall__I=0x1002d9a5
#        --define_symbol ti_sysbios_knl_Clock_removeI__E=0x1002ecbf
#        --define_symbol xdc_runtime_System_abort__E=0x1002f711 --define_symbol
#        ti_sysbios_family_arm_m3_Hwi_dispatchC__I=0x1002cedd --define_symbol
#        ti_sysbios_knl_Swi_construct=0x1002d719 --define_symbol
#        ti_sysbios_knl_Task_sleepTimeout__I=0x1002e989 --define_symbol
#        ti_sysbios_knl_Queue_remove__E=0x1002eb2f --define_symbol
#        ti_sysbios_knl_Semaphore_Instance_finalize__E=0x1002e6d9
#        --define_symbol xdc_runtime_Text_printVisFxn__I=0x1002f689
#        --define_symbol ti_sysbios_gates_GateMutex_destruct=0x1002e505
#        --define_symbol
#        ti_sysbios_knl_Task_SupportProxy_Module__startupDone__S=0x1002ec8f
#        --define_symbol ti_sysbios_knl_Queue_Object__delete__S=0x1002e6b5
#        --define_symbol ti_sysbios_knl_Mailbox_Object__get__S=0x1002e33d
#        --define_symbol
#        ti_sysbios_family_arm_m3_Hwi_Instance_init__E=0x1002c79d
#        --define_symbol ti_sysbios_knl_Clock_delete=0x1002ecbb --define_symbol
#        ti_sysbios_knl_Clock_walkQueueDynamic__E=0x1002cbc5 --define_symbol
#        ti_sysbios_knl_Mailbox_post__E=0x1002cf49 --define_symbol
#        ti_sysbios_knl_Clock_Instance_init__E=0x1002dd59 --define_symbol
#        ti_sysbios_knl_Event_construct=0x1002e0d9 --define_symbol
#        ti_sysbios_heaps_HeapTrack_Instance_finalize__E=0x1002c5d9
#        --define_symbol ti_sysbios_knl_Task_allBlockedFunction__I=0x1002d67d
#        --define_symbol ti_sysbios_knl_Swi_Handle__label__S=0x1002e721
#        --define_symbol ti_sysbios_knl_Task_postInit__I=0x1002ca59
#        --define_symbol ti_sysbios_knl_Task_enter__I=0x1002e7f9
#        --define_symbol ti_sysbios_hal_Hwi_switchFromBootStack__E=0x1002e935
#        --define_symbol
#        ti_sysbios_family_arm_m3_Hwi_excHardFault__I=0x1002c185
#        --define_symbol
#        ti_sysbios_family_arm_cc26xx_Timer_postInit__I=0x1002dfd1
#        --define_symbol xdc_runtime_System_printf_va__F=0x1002f92b
#        --define_symbol ti_sysbios_knl_Swi_Module_startup__E=0x1002e745
#        --define_symbol
#        ti_sysbios_gates_GateMutex_Instance_finalize__E=0x1002ec53
#        --define_symbol ti_sysbios_hal_Hwi_startup__E=0x1002ec31
#        --define_symbol xdc_runtime_Core_assignParams__I=0x1002f4c9
#        --define_symbol
#        ti_sysbios_hal_Hwi_HwiProxy_switchFromBootStack__E=0x1002e935
#        --define_symbol
#        ti_sysbios_heaps_HeapMem_allocUnprotected__E=0x1002cb51
#        --define_symbol xdc_runtime_Memory_HeapProxy_getStats__E=0x1002f905
#        --define_symbol ti_sysbios_heaps_HeapTrack_Handle__label__S=0x1002e571
#        --define_symbol ti_sysbios_knl_Swi_post__E=0x1002d891 --define_symbol
#        ti_sysbios_hal_Hwi_initStack=0x1002df75 --define_symbol
#        xdc_runtime_Text_putSite__E=0x1002f15d --define_symbol
#        xdc_runtime_Memory_alloc__E=0x1002f289 --define_symbol
#        ti_sysbios_knl_Queue_next__E=0x1002ecd7 --define_symbol
#        ti_sysbios_knl_Event_destruct=0x1002e85d --define_symbol
#        ti_sysbios_knl_Clock_Instance_finalize__E=0x1002e9d1 --define_symbol
#        ti_sysbios_knl_Queue_elemClear__E=0x1002ec65 --define_symbol
#        ti_sysbios_knl_Clock_TimerProxy_startup__E=0x1002dcf1 --define_symbol
#        ti_sysbios_knl_Clock_Params__init__S=0x1002eb9d --define_symbol
#        ti_sysbios_knl_Task_Instance_init__E=0x1002c251 --define_symbol
#        ti_sysbios_hal_Hwi_HwiProxy_startup__E=0x1002ec31 --define_symbol
#        ti_sysbios_knl_Task_self__E=0x1002eaf5 --define_symbol
#        ti_sysbios_knl_Task_startup__E=0x1002eceb --define_symbol
#        ti_sysbios_gates_GateHwi_Object__delete__S=0x1002e4bd --define_symbol
#        ti_sysbios_family_arm_cc26xx_Timer_startup__E=0x1002dcf1
#        --define_symbol xdc_runtime_Memory_free__E=0x1002f81d --define_symbol
#        ti_sysbios_knl_Clock_triggerFunc__I=0x1002dfa3 --define_symbol
#        ti_sysbios_hal_Hwi_delete=0x1002eca7 --define_symbol
#        ti_sysbios_knl_Queue_Instance_init__E=0x1002ec5f --define_symbol
#        ti_sysbios_knl_Event_delete=0x1002ecc7 --define_symbol
#        ti_sysbios_BIOS_RtsGateProxy_Handle__label__S=0x1002e4e1
#        --define_symbol
#        ti_sysbios_family_arm_cc26xx_Timer_Module_startup__E=0x1002dfa5
#        --define_symbol ti_sysbios_knl_Event_Object__delete__S=0x1002e66d
#        --define_symbol xdc_runtime_Assert_raise__I=0x1002f421 --define_symbol
#        ti_sysbios_hal_Hwi_create=0x1002d1fd --define_symbol
#        ti_sysbios_knl_Task_destruct=0x1002e7d5 --define_symbol
#        ti_sysbios_hal_Hwi_Module_startup__E=0x1002ea61 --define_symbol
#        ti_sysbios_family_arm_m3_Hwi_excHandler__I=0x1002ddf5 --define_symbol
#        xdc_runtime_Core_destructObject__I=0x1002f803 --define_symbol
#        ti_sysbios_family_arm_m3_Hwi_excUsageFault__I=0x1002b9a1
#        --define_symbol ti_sysbios_knl_Swi_disable__E=0x1002ea25
#        --define_symbol ti_sysbios_BIOS_setThreadType__E=0x1002ea11
#        --define_symbol ti_sysbios_knl_Task_disable__E=0x1002ea4d
#        --define_symbol ti_sysbios_knl_Swi_Instance_init__E=0x1002d36d
#        --define_symbol ti_sysbios_knl_Semaphore_pendTimeout__I=0x1002e131
#        --define_symbol ti_sysbios_knl_Clock_create=0x1002db25 --define_symbol
#        ti_sysbios_knl_Idle_loop__E=0x1002ec39 --define_symbol
#        ti_sysbios_gates_GateHwi_leave__E=0x1002ec4d --define_symbol
#        ti_sysbios_hal_Hwi_HwiProxy_Handle__label__S=0x1002e451
#        --define_symbol
#        ti_sysbios_family_arm_m3_Hwi_enableInterrupt__E=0x1002d91d
#        --define_symbol ti_sysbios_knl_Semaphore_Params__init__S=0x1002ebe5
#        --define_symbol ti_sysbios_knl_Event_pend__E=0x1002c0a5
#        --define_symbol ti_sysbios_knl_Task_unblock__E=0x1002e9a3
#        --define_symbol ti_sysbios_knl_Swi_destruct=0x1002e8bd --define_symbol
#        xdc_runtime_SysCallback_putch__E=0x1002f881 --define_symbol
#        ti_sysbios_BIOS_getThreadType__E=0x1002ea95 --define_symbol
#        ti_sysbios_knl_Event_sync__E=0x1002ea73 --define_symbol
#        ti_sysbios_BIOS_getCpuFreq__E=0x1002e9fd --define_symbol
#        xdc_runtime_Memory_calloc__E=0x1002f8d9 --define_symbol
#        ti_sysbios_family_arm_m3_Hwi_startup__E=0x1002ec31 --define_symbol
#        xdc_runtime_System_Module_GateProxy_Handle__label__S=0x1002e499
#        --define_symbol xdc_runtime_SysCallback_exit__E=0x1002f859
#        --define_symbol xdc_runtime_Registry_findById__E=0x1002f759
#        --define_symbol ti_sysbios_hal_Hwi_HwiProxy_Params__init__S=0x1002eb49
#        --define_symbol ti_sysbios_knl_Queue_empty__E=0x1002eb21
#        --define_symbol ti_sysbios_knl_Clock_logTick__E=0x1002dbd7
#        --define_symbol xdc_runtime_SysCallback_ready__E=0x1002f895
#        --define_symbol ti_sysbios_knl_Event_Params__init__S=0x1002ebb5
#        --define_symbol ti_sysbios_knl_Task_yield__E=0x1002d7fd
#        --define_symbol
#        ti_sysbios_knl_Task_SupportProxy_getStackAlignment__E=0x1002eab5
#        --define_symbol ti_sysbios_family_arm_m3_Hwi_create=0x1002d1a1
#        --define_symbol xdc_runtime_Timestamp_SupportProxy_get32__E=0x1002f8c9
#        --define_symbol ti_sysbios_family_arm_m3_Hwi_getHandle__E=0x1002daad
#        --define_symbol ti_sysbios_family_arm_m3_Hwi_destruct=0x1002e475
#        --define_symbol ti_sysbios_knl_Swi_self__E=0x1002ebfd --define_symbol
#        xdc_runtime_Timestamp_get32__E=0x1002f8c9 --define_symbol
#        ti_sysbios_knl_Clock_stop__E=0x1002e2c5 --define_symbol
#        ti_sysbios_knl_Task_Handle__label__S=0x1002e78d --define_symbol
#        ti_sysbios_family_arm_m3_Hwi_doTaskRestore__I=0x1002ec41
#        --define_symbol
#        ti_sysbios_BIOS_linkedWithIncorrectBootLibrary__E=0x1002d01b
#        --define_symbol ti_sysbios_knl_Swi_run__I=0x1002cd91 --define_symbol
#        ti_sysbios_family_arm_cc26xx_Timer_Module__startupDone__S=0x1002e15d
#        --define_symbol xdc_runtime_Core_createObject__I=0x1002f2f9
#        --define_symbol ti_sysbios_knl_Queue_create=0x1002df15 --define_symbol
#        ti_sysbios_hal_Hwi_Object__delete__S=0x1002e24d --define_symbol
#        ti_sysbios_knl_Clock_construct=0x1002dd8d --define_symbol
#        xdc_runtime_SysCallback_flush__E=0x1002f86d --define_symbol
#        xdc_runtime_System_abortSpin__E=0x1002f81b --define_symbol
#        ti_sysbios_hal_Hwi_HwiProxy_delete=0x1002eca3 --define_symbol
#        ti_sysbios_gates_GateMutex_Object__create__S=0x1002de25
#        --define_symbol
#        ti_sysbios_family_arm_m3_Hwi_getStackInfo__E=0x1002d9e9
#        --define_symbol
#        ti_sysbios_heaps_HeapMem_Module_GateProxy_enter__E=0x1002ecab
#        --define_symbol ti_sysbios_heaps_HeapTrack_getStats__E=0x1002e5dd
#        --define_symbol ti_sysbios_knl_Semaphore_post__E=0x1002cd21
#        --define_symbol ti_sysbios_knl_Task_exit__E=0x1002db9d --define_symbol
#        ti_sysbios_heaps_HeapMem_Instance_init__E=0x1002d849 --define_symbol
#        ti_sysbios_knl_Swi_restore__E=0x1002db61 --define_symbol
#        ti_sysbios_knl_Task_startCore__E=0x1002ccad --define_symbol
#        ti_sysbios_knl_Semaphore_create=0x1002dc49 --define_symbol
#        ti_sysbios_gates_GateHwi_enter__E=0x1002eb6d --define_symbol
#        ti_sysbios_knl_Task_blockI__E=0x1002d7b1 --define_symbol
#        ti_sysbios_heaps_HeapMem_free__E=0x1002dbd9 --define_symbol
#        ti_sysbios_hal_Hwi_enableInterrupt__E=0x1002d91d --define_symbol
#        ti_sysbios_family_arm_cc26xx_Timer_periodicStub__E=0x1002c709
#        --define_symbol ti_sysbios_hal_Hwi_Instance_init__E=0x1002e8dd
#        --define_symbol ti_sysbios_gates_GateHwi_query__E=0x1002ec93
#        --define_symbol xdc_runtime_System_processAtExit__E=0x1002f5e5
#        --define_symbol
#        ti_sysbios_family_arm_cc26xx_Timer_setPeriod__E=0x1002ec87
#        --define_symbol xdc_runtime_Text_putMod__E=0x1002f1f9 --define_symbol
#        ti_sysbios_knl_Semaphore_Instance_init__E=0x1002d01d --define_symbol
#        xdc_runtime_Memory_HeapProxy_Handle__label__S=0x1002e529
#        --define_symbol ti_sysbios_knl_Queue_head__E=0x1002ecd3
#        --define_symbol
#        xdc_runtime_Timestamp_SupportProxy_getFreq__E=0x1002eb3d
#        --define_symbol xdc_runtime_Error_check__E=0x1002f779 --define_symbol
#        xdc_runtime_Error_policySpin__E=0x1002f1f7 --define_symbol
#        ti_sysbios_heaps_HeapTrack_alloc__E=0x1002c8c1 --define_symbol
#        ti_sysbios_gates_GateMutex_create=0x1002de55 --define_symbol
#        ti_sysbios_family_arm_m3_Hwi_excFillContext__I=0x1002bda9
#        --define_symbol xdc_runtime_Gate_leaveSystem__E=0x1002f90f
#        --define_symbol ti_sysbios_knl_Swi_restoreHwi__E=0x1002c9d5
#        --define_symbol ti_sysbios_knl_Task_sleep__E=0x1002ce01
#        --define_symbol ti_sysbios_knl_Task_create=0x1002d529 --define_symbol
#        ti_sysbios_knl_Mailbox_Params__init__S=0x1002ebc1 --define_symbol
#        ti_sysbios_knl_Task_restoreHwi__E=0x1002e3dd --define_symbol
#        ti_sysbios_knl_Mailbox_postInit__I=0x1002e405 --define_symbol
#        ti_sysbios_family_arm_m3_Hwi_excNoIsr__I=0x1002d961 --define_symbol
#        ti_sysbios_knl_Task_delete=0x1002ece7 --define_symbol
#        ti_sysbios_heaps_HeapMem_isBlocking__E=0x1002ec59 --define_symbol
#        ti_sysbios_family_arm_m3_Hwi_excBusFault__I=0x1002b82d --define_symbol
#        xdc_runtime_System_vprintf__E=0x1002f6b9 --define_symbol
#        ti_sysbios_knl_Clock_startI__E=0x1002c94d --define_symbol
#        ti_sysbios_knl_Clock_start__E=0x1002e9e7 --define_symbol
#        ti_sysbios_heaps_HeapMem_Module_GateProxy_query__E=0x1002ec9b
#        --define_symbol
#        ti_sysbios_family_arm_m3_Hwi_Object__delete__S=0x1002e1ad
#        --define_symbol
#        ti_sysbios_knl_Clock_TimerProxy_getPeriod__E=0x1002ecb7
#        --define_symbol ti_sysbios_knl_Event_checkEvents__I=0x1002e83d
#        --define_symbol ti_sysbios_knl_Task_SupportProxy_start__E=0x1002dae9
#        --define_symbol ti_sysbios_heaps_HeapMem_Handle__label__S=0x1002e529
#        --define_symbol ti_sysbios_family_arm_m3_Hwi_delete=0x1002ec8b
#        --define_symbol
#        ti_sysbios_heaps_HeapMem_Module_GateProxy_Handle__label__S=0x1002e4e1
#        --define_symbol ti_sysbios_heaps_HeapTrack_isBlocking__E=0x1002eb91
#        --define_symbol ti_sysbios_knl_Semaphore_Object__delete__S=0x1002e365
#        --define_symbol ti_sysbios_family_arm_m3_Hwi_excMemFault__I=0x1002bc61
#        --define_symbol ti_sysbios_hal_Hwi_HwiProxy_getStackInfo__E=0x1002d9e9
#        --define_symbol ti_sysbios_knl_Idle_run__E=0x1002e2ed --define_symbol
#        ti_sysbios_knl_Swi_delete=0x1002ecdf --define_symbol
#        xdc_runtime_Memory_valloc__E=0x1002f795 --define_symbol
#        xdc_runtime_System_printf__E=0x1002f7e9 --define_symbol
#        ti_sysbios_family_arm_m3_Hwi_excHandlerMax__I=0x1002beb5
#        --define_symbol ti_sysbios_knl_Mailbox_Object__delete__S=0x1002e315
#        --define_symbol
#        ti_sysbios_family_arm_m3_TaskSupport_start__E=0x1002dae9
#        --define_symbol xdc_runtime_Timestamp_get64__E=0x1002dffd
#        --define_symbol
#        ti_sysbios_family_arm_m3_Hwi_Module__startupDone__S=0x1002e185
#        --define_symbol
#        ti_sysbios_heaps_HeapMem_Module_GateProxy_Params__init__S=0x1002eb79
#        --define_symbol ti_sysbios_knl_Swi_startup__E=0x1002ec6b
#        --define_symbol ti_sysbios_knl_Task_schedule__I=0x1002cc39
#        --define_symbol ti_sysbios_gates_GateMutex_leave__E=0x1002eb05
#        --define_symbol ti_sysbios_heaps_HeapMem_Object__delete__S=0x1002e54d
#        --define_symbol ti_sysbios_knl_Event_create=0x1002deb5 --define_symbol
#        ti_sysbios_knl_Clock_TimerProxy_setNextTick__E=0x1002eae5
#        --define_symbol ti_sysbios_knl_Swi_Object__get__S=0x1002e38d
#        --define_symbol ti_sysbios_knl_Task_restore__E=0x1002df45
#        --define_symbol xdc_runtime_Memory_HeapProxy_alloc__E=0x1002f8f1
#        --define_symbol xdc_runtime_Text_putLab__E=0x1002f3c5 --define_symbol
#        ti_sysbios_gates_GateHwi_Object__create__S=0x1002e029 --define_symbol
#        ti_sysbios_hal_Hwi_HwiProxy_disableInterrupt__E=0x1002d8d9
#        --define_symbol ti_sysbios_BIOS_start__E=0x1002eaa5 --define_symbol
#        ti_sysbios_BIOS_exit__E=0x1002ea85 --define_symbol
#        ti_sysbios_family_arm_m3_TaskSupport_getStackAlignment__E=0x1002eab5
#        --define_symbol xdc_runtime_SysCallback_abort__E=0x1002f845
#        --define_symbol ti_sysbios_knl_Queue_destruct=0x1002e89d
#        --define_symbol ti_sysbios_family_arm_m3_Hwi_postInit__I=0x1002c3d9
#        --define_symbol ti_sysbios_gates_GateMutex_Instance_init__E=0x1002e9bb
#        --define_symbol ti_sysbios_knl_Task_Instance_finalize__E=0x1002c671
#        --define_symbol
#        ti_sysbios_knl_Clock_TimerProxy_getCurrentTick__E=0x1002eac5
#        --define_symbol xdc_runtime_Text_xprintf__I=0x1002f5a1 --define_symbol
#        ti_sysbios_family_arm_m3_Hwi_disableFxn__E=0x1002eb55 --define_symbol
#        xdc_runtime_Memory_HeapProxy_free__E=0x1002f8fb --define_symbol
#        ti_sysbios_knl_Mailbox_Module_startup__E=0x1002da2d --define_symbol
#        ti_sysbios_knl_Task_Object__delete__S=0x1002e3b5 --define_symbol
#        xdc_runtime_Startup_rtsDone__E=0x1002f8e5 --define_symbol
#        ti_sysbios_gates_GateHwi_Handle__label__S=0x1002e499 --define_symbol
#        xdc_runtime_Text_ropeText__E=0x1002f7cd --define_symbol
#        ti_sysbios_knl_Clock_destruct=0x1002e649 --define_symbol
#        ti_sysbios_knl_Clock_workFuncDynamic__E=0x1002c53d --define_symbol
#        ti_sysbios_knl_Queue_construct=0x1002dee5 --define_symbol
#        ti_sysbios_family_arm_m3_Hwi_excReserved__I=0x1002d62d --define_symbol
#        ti_sysbios_family_arm_m3_Hwi_switchFromBootStack__E=0x1002e935
#        --define_symbol ti_sysbios_heaps_HeapMem_Object__get__S=0x1002e275
#        --define_symbol ti_sysbios_hal_Hwi_HwiProxy_create=0x1002ec9f
#        --define_symbol xdc_runtime_System_putchar__I=0x1002f625
#        --define_symbol ti_sysbios_gates_GateMutex_query__E=0x1002ec9b
#        --define_symbol ti_sysbios_knl_Swi_schedule__I=0x1002d0e1
#        --define_symbol ti_sysbios_knl_Task_Params__init__S=0x1002ec09
#        --define_symbol
#        ti_sysbios_family_arm_m3_Hwi_Params__init__S=0x1002eb49
#        --define_symbol ti_sysbios_family_arm_m3_Hwi_plug__E=0x1002e8fd
#        --define_symbol xdc_runtime_System_exitSpin__E=0x1002f92f
#        --define_symbol
#        xdc_runtime_System_Module_GateProxy_query__E=0x1002ec93
#        --define_symbol
#        ti_sysbios_family_arm_m3_Hwi_Handle__label__S=0x1002e451
#        --define_symbol ti_sysbios_gates_GateMutex_construct=0x1002e055
#        --define_symbol
#        xdc_runtime_System_Module_GateProxy_leave__E=0x1002f927
#        --define_symbol ti_sysbios_knl_Mailbox_pend__E=0x1002d581
#        --define_symbol xdc_runtime_System_vsnprintf__E=0x1002f8b9
#        --define_symbol
#        ti_sysbios_family_arm_m3_TaskSupport_Module__startupDone__S=0x1002ec8f
#        --define_symbol
#        ti_sysbios_BIOS_RtsGateProxy_Params__init__S=0x1002eb79
#        --define_symbol xdc_runtime_Core_assignLabel__I=0x1002f659
#        --define_symbol xdc_runtime_System_doPrint__I=0x1002ecf1
#        --define_symbol ti_sysbios_heaps_HeapMem_freeUnprotected__E=0x1002d479
#        --define_symbol
#        xdc_runtime_System_Module_GateProxy_enter__E=0x1002f923
#        --define_symbol xdc_runtime_System_exit__E=0x1002f7b1 --define_symbol
#        ti_sysbios_knl_Swi_Params__init__S=0x1002ebf1 --define_symbol
#        ti_sysbios_knl_Clock_workFunc__E=0x1002cad9 --define_symbol
#        ti_sysbios_family_arm_m3_Hwi_restoreFxn__E=0x1002ec47 --define_symbol
#        ti_sysbios_family_arm_cc26xx_TimestampProvider_Module_startup__E=0x1002e42d
#        --define_symbol ti_sysbios_knl_Semaphore_delete=0x1002ecdb
#        --define_symbol
#        ti_sysbios_family_arm_cc26xx_Timer_getPeriod__E=0x1002ec83
#        --define_symbol ti_sysbios_family_arm_m3_Hwi_initNVIC__E=0x1002c831
#        --define_symbol ti_sysbios_knl_Clock_addI__E=0x1002e625
#        --define_symbol
#        ti_sysbios_family_arm_m3_Hwi_Instance_finalize__E=0x1002ce71
#        --define_symbol ti_sysbios_heaps_HeapMem_alloc__E=0x1002d259
#        --define_symbol ti_sysbios_knl_Task_unblockI__E=0x1002dcb9
#        --define_symbol ti_sysbios_knl_Swi_Instance_finalize__E=0x1002e42b
#        --define_symbol
#        ti_sysbios_family_arm_m3_Hwi_disableInterrupt__E=0x1002d8d9
#        --define_symbol ti_sysbios_family_arm_m3_Hwi_enableFxn__E=0x1002eb61
#        --define_symbol xdc_runtime_Gate_enterSystem__E=0x1002f91b
#        --define_symbol
#        ti_sysbios_gates_GateMutex_Object__delete__S=0x1002e1fd
#        --define_symbol
#        ti_sysbios_family_arm_cc26xx_TimestampProvider_get64__E=0x1002dffd
#        --define_symbol ti_sysbios_knl_Mailbox_Instance_init__E=0x1002c48d
#        --define_symbol xdc_runtime_Text_cordText__E=0x1002f6e5
#        --define_symbol xdc_runtime_Startup_exec__E=0x1002f475 --define_symbol
#        ti_sysbios_heaps_HeapTrack_Instance_init__E=0x1002e595 --define_symbol
#        ti_sysbios_hal_Hwi_HwiProxy_Module__startupDone__S=0x1002e185
#        --define_symbol ti_sysbios_heaps_HeapMem_getStats__E=0x1002d6cd
#        --define_symbol
#        xdc_runtime_Memory_getMaxDefaultTypeAlign__E=0x1002f8a9
#        --define_symbol ti_sysbios_hal_Hwi_disableInterrupt__E=0x1002d8d9
#        --define_symbol ti_sysbios_knl_Event_post__E=0x1002cfb3
#        --define_symbol ti_sysbios_knl_Task_Object__get__S=0x1002e7b1
#        --define_symbol ti_sysbios_knl_Event_pendTimeout__I=0x1002e105
#        --define_symbol ti_sysbios_family_arm_m3_Hwi_construct=0x1002d421
#        --define_symbol
#        ti_sysbios_knl_Clock_TimerProxy_Module__startupDone__S=0x1002e15d
#        --define_symbol ti_sysbios_knl_Clock_Module_startup__E=0x1002e601
#        --define_symbol ti_sysbios_knl_Mailbox_construct=0x1002d4d1
#        --define_symbol ti_sysbios_knl_Task_construct=0x1002d5d9
#        --define_symbol xdc_runtime_Core_constructObject__I=0x1002f511
#        --define_symbol ti_sysbios_knl_Queue_dequeue__E=0x1002ebcd
#        --define_symbol ti_sysbios_family_arm_m3_Hwi_excDebugMon__I=0x1002c31d
#        --define_symbol ti_sysbios_knl_Task_Module_startup__E=0x1002d141
#        --define_symbol ti_sysbios_family_arm_m3_Hwi_excDumpRegs__I=0x1002b405
#        --define_symbol
#        ti_sysbios_family_arm_cc26xx_Timer_getExpiredTicks__E=0x1002ec7f
#        --define_symbol ti_sysbios_family_arm_m3_Hwi_Object__get__S=0x1002e1d5
#        --define_symbol ti_sysbios_knl_Mailbox_destruct=0x1002e691
#        --define_symbol xdc_runtime_System_Module_startup__E=0x1002f915
#        --define_symbol ti_sysbios_knl_Swi_postInit__I=0x1002ece3
#        --define_symbol
#        ti_sysbios_family_arm_m3_Hwi_Module_startup__E=0x1002d3c9
#        --define_symbol ti_sysbios_gates_GateMutex_enter__E=0x1002e225
#        --define_symbol ti_sysbios_family_arm_m3_Hwi_setPriority__E=0x1002e919
#        --define_symbol ti_sysbios_knl_Queue_Object__get__S=0x1002e87d
#        --define_symbol ti_sysbios_knl_Clock_setTimeout__E=0x1002ecc3
#        --define_symbol
#        ti_sysbios_family_arm_m3_Hwi_excHandlerAsm__I=0x1002fb39
#        --define_symbol ti_sysbios_family_arm_m3_Hwi_return=0x1002fb35
#        --define_symbol ti_sysbios_family_arm_m3_Hwi_pendSV__I=0x1002fb11
#        --define_symbol ti_sysbios_family_arm_m3_Hwi_dispatch__I=0x1002f931
#        --define_symbol
#        ti_sysbios_family_arm_m3_Hwi_interruptsAreDisabledButShouldNotBe=0x1002fa11
#        --define_symbol ti_sysbios_family_xxx_Hwi_switchAndRunFunc=0x1002fb59
#        --define_symbol ti_sysbios_family_arm_m3_Hwi_initStacks__E=0x1002fab9
#        --define_symbol ti_sysbios_knl_Task_swapReturn=0x1002fb83
#        --define_symbol ti_sysbios_family_arm_m3_TaskSupport_glue=0x1002fb8f
#        --define_symbol
#        ti_sysbios_family_arm_m3_TaskSupport_buildTaskStack=0x1002fa2d
#        --define_symbol
#        ti_sysbios_family_arm_m3_TaskSupport_swap__E=0x1002fb77
#        --define_symbol ti_sysbios_knl_Task_SupportProxy_swap__E=0x1002fb77
#        --define_symbol xdc_runtime_Error_policy__C=4096 --define_symbol
#        xdc_runtime_IModule_Interface__BASE__C=4100 --define_symbol
#        xdc_runtime_Startup_lastFxns__C=4104 --define_symbol
#        ti_sysbios_knl_Event_Object__DESC__C=4112 --define_symbol
#        ti_sysbios_family_arm_m3_Hwi_excHookFuncs__C=4144 --define_symbol
#        ti_sysbios_gates_GateMutex_Object__DESC__C=4148 --define_symbol
#        xdc_runtime_Startup_execImpl__C=4180 --define_symbol
#        ti_sysbios_gates_GateMutex_Instance_State_sem__O=4184 --define_symbol
#        ti_sysbios_heaps_HeapTrack_Module__FXNS__C=4188 --define_symbol
#        ti_sysbios_knl_Swi_Object__count__C=4228 --define_symbol
#        ti_sysbios_knl_Idle_funcList__C=4232 --define_symbol
#        xdc_runtime_Text_isLoaded__C=4240 --define_symbol
#        ti_sysbios_knl_Clock_Object__DESC__C=4244 --define_symbol
#        ti_sysbios_knl_Task_Module__id__C=4276 --define_symbol
#        ti_sysbios_knl_Mailbox_Instance_State_dataQue__O=4280 --define_symbol
#        ti_sysbios_knl_Semaphore_eventSync__C=4284 --define_symbol
#        ti_sysbios_gates_GateMutex_Module__FXNS__C=4288 --define_symbol
#        ti_sysbios_knl_Task_Module_State_inactiveQ__O=4324 --define_symbol
#        ti_sysbios_family_arm_m3_Hwi_Module__id__C=4328 --define_symbol
#        ti_sysbios_family_arm_cc26xx_Timer_Module__id__C=4330 --define_symbol
#        ti_sysbios_knl_Mailbox_Object__table__C=4332 --define_symbol
#        ti_sysbios_family_arm_m3_Hwi_Object__table__C=4336 --define_symbol
#        ti_sysbios_knl_Swi_Object__DESC__C=4340 --define_symbol
#        xdc_runtime_Text_charCnt__C=4372 --define_symbol
#        ti_sysbios_heaps_HeapTrack_A_bufOverflow__C=4376 --define_symbol
#        ti_sysbios_heaps_HeapMem_Object__table__C=4380 --define_symbol
#        ti_sysbios_family_arm_cc26xx_Timer_funcHookCH1__C=4384 --define_symbol
#        xdc_runtime_Error_policyFxn__C=4388 --define_symbol
#        ti_sysbios_family_arm_m3_Hwi_E_reserved__C=4392 --define_symbol
#        ti_sysbios_heaps_HeapTrack_A_notEmpty__C=4396 --define_symbol
#        xdc_runtime_Startup_firstFxns__C=4400 --define_symbol
#        xdc_runtime_Text_charTab__C=4408 --define_symbol
#        ti_sysbios_family_arm_m3_TaskSupport_stackAlignment__C=4412
#        --define_symbol ti_sysbios_family_arm_m3_Hwi_NUM_INTERRUPTS__C=4416
#        --define_symbol ti_sysbios_knl_Clock_triggerClock__C=4420
#        --define_symbol ti_sysbios_knl_Swi_Object__table__C=4424
#        --define_symbol xdc_runtime_Memory_Module__id__C=4428 --define_symbol
#        ti_sysbios_knl_Swi_Module__id__C=4430 --define_symbol
#        xdc_runtime_SysCallback_flushFxn__C=4432 --define_symbol
#        ti_sysbios_heaps_HeapMem_Module__gateObj__C=4436 --define_symbol
#        ti_sysbios_family_arm_cc26xx_Timer_startupNeeded__C=4440
#        --define_symbol ti_sysbios_family_arm_m3_Hwi_E_noIsr__C=4444
#        --define_symbol ti_sysbios_knl_Queue_Object__DESC__C=4448
#        --define_symbol ti_sysbios_family_arm_cc26xx_Timer_funcHookCH2__C=4480
#        --define_symbol ti_sysbios_family_arm_m3_Hwi_E_NMI__C=4484
#        --define_symbol ti_sysbios_knl_Task_Object__DESC__C=4488
#        --define_symbol xdc_runtime_Assert_E_assertFailed__C=4520
#        --define_symbol ti_sysbios_gates_GateHwi_Module__id__C=4524
#        --define_symbol xdc_runtime_IHeap_Interface__BASE__C=4528
#        --define_symbol xdc_runtime_SysCallback_exitFxn__C=4532
#        --define_symbol ti_sysbios_heaps_HeapMem_Module__id__C=4536
#        --define_symbol ti_sysbios_family_arm_m3_Hwi_excHandlerFunc__C=4540
#        --define_symbol ti_sysbios_heaps_HeapMem_Module__FXNS__C=4544
#        --define_symbol ti_sysbios_family_arm_m3_Hwi_E_busFault__C=4584
#        --define_symbol xdc_runtime_System_maxAtexitHandlers__C=4588
#        --define_symbol ti_sysbios_knl_Queue_Object__count__C=4592
#        --define_symbol xdc_runtime_Text_registryModsLastId__C=4596
#        --define_symbol ti_sysbios_knl_Task_Object__table__C=4600
#        --define_symbol ti_sysbios_knl_Mailbox_Object__DESC__C=4604
#        --define_symbol ti_sysbios_family_arm_m3_Hwi_nullIsrFunc__C=4636
#        --define_symbol ti_sysbios_knl_Clock_tickMode__C=4640 --define_symbol
#        ti_sysbios_gates_GateMutex_Module__id__C=4642 --define_symbol
#        ti_sysbios_knl_Swi_numPriorities__C=4644 --define_symbol
#        ti_sysbios_knl_Task_numConstructedTasks__C=4648 --define_symbol
#        xdc_runtime_Startup_maxPasses__C=4652 --define_symbol
#        ti_sysbios_knl_Task_initStackFlag__C=4656 --define_symbol
#        xdc_runtime_System_abortFxn__C=4660 --define_symbol
#        ti_sysbios_knl_Mailbox_Instance_State_dataSem__O=4664 --define_symbol
#        ti_sysbios_gates_GateHwi_Module__FXNS__C=4668 --define_symbol
#        ti_sysbios_hal_Hwi_Object__DESC__C=4704 --define_symbol
#        ti_sysbios_family_arm_m3_Hwi_priGroup__C=4736 --define_symbol
#        xdc_runtime_Error_E_memory__C=4740 --define_symbol
#        ti_sysbios_family_arm_m3_Hwi_E_alreadyDefined__C=4744 --define_symbol
#        ti_sysbios_knl_Mailbox_Instance_State_freeSem__O=4748 --define_symbol
#        ti_sysbios_knl_Queue_Object__table__C=4752 --define_symbol
#        ti_sysbios_knl_Semaphore_eventPost__C=4756 --define_symbol
#        xdc_runtime_System_exitFxn__C=4760 --define_symbol
#        ti_sysbios_heaps_HeapTrack_A_doubleFree__C=4764 --define_symbol
#        ti_sysbios_heaps_HeapMem_reqAlign__C=4768 --define_symbol
#        xdc_runtime_Startup_sfxnRts__C=4772 --define_symbol
#        ti_sysbios_knl_Semaphore_Object__DESC__C=4776 --define_symbol
#        ti_sysbios_gates_GateHwi_Object__DESC__C=4808 --define_symbol
#        xdc_runtime_SysCallback_putchFxn__C=4840 --define_symbol
#        ti_sysbios_heaps_HeapMem_Object__count__C=4844 --define_symbol
#        ti_sysbios_family_arm_m3_Hwi_numSparseInterrupts__C=4848
#        --define_symbol ti_sysbios_knl_Mailbox_maxTypeAlign__C=4852
#        --define_symbol
#        ti_sysbios_family_arm_cc26xx_TimestampProvider_useClockTimer__C=4856
#        --define_symbol ti_sysbios_knl_Event_Instance_State_pendQ__O=4860
#        --define_symbol ti_sysbios_knl_Task_allBlockedFunc__C=4864
#        --define_symbol ti_sysbios_family_arm_m3_Hwi_E_hardFault__C=4868
#        --define_symbol ti_sysbios_knl_Mailbox_Object__count__C=4872
#        --define_symbol xdc_runtime_Text_nameStatic__C=4876 --define_symbol
#        ti_sysbios_family_arm_m3_Hwi_E_debugMon__C=4880 --define_symbol
#        ti_sysbios_family_arm_m3_Hwi_E_svCall__C=4884 --define_symbol
#        ti_sysbios_knl_Clock_Module_State_clockQ__O=4888 --define_symbol
#        xdc_runtime_SysCallback_readyFxn__C=4892 --define_symbol
#        xdc_runtime_Text_unnamedModsLastId__C=4896 --define_symbol
#        ti_sysbios_knl_Task_defaultStackSize__C=4900 --define_symbol
#        xdc_runtime_IGateProvider_Interface__BASE__C=4904 --define_symbol
#        ti_sysbios_family_arm_m3_Hwi_E_hwiLimitExceeded__C=4908
#        --define_symbol xdc_runtime_Startup_startModsFxn__C=4912
#        --define_symbol ti_sysbios_knl_Semaphore_Instance_State_pendQ__O=4916
#        --define_symbol xdc_runtime_System_extendFxn__C=4920 --define_symbol
#        ti_sysbios_family_arm_m3_Hwi_Object__DESC__C=4924 --define_symbol
#        xdc_runtime_Text_nameEmpty__C=4956 --define_symbol
#        ti_sysbios_family_arm_m3_Hwi_Object__count__C=4960 --define_symbol
#        xdc_runtime_Text_visitRopeFxn__C=4964 --define_symbol
#        xdc_runtime_SysCallback_abortFxn__C=4968 --define_symbol
#        ti_sysbios_knl_Task_defaultStackHeap__C=4972 --define_symbol
#        ti_sysbios_family_arm_m3_Hwi_E_usageFault__C=4976 --define_symbol
#        ti_sysbios_family_arm_m3_Hwi_ccr__C=4980 --define_symbol
#        ti_sysbios_heaps_HeapTrack_Module__id__C=4984 --define_symbol
#        ti_sysbios_heaps_HeapMem_E_memory__C=4988 --define_symbol
#        ti_sysbios_family_arm_m3_Hwi_E_memFault__C=4992 --define_symbol
#        ti_sysbios_knl_Task_Object__count__C=4996 --define_symbol
#        ti_sysbios_heaps_HeapMem_Object__DESC__C=5000 --define_symbol
#        xdc_runtime_Text_nameUnknown__C=5032 --define_symbol
#        xdc_runtime_Memory_defaultHeapInstance__C=5036 --define_symbol
#        ti_sysbios_knl_Mailbox_Instance_State_freeQue__O=5040 --define_symbol
#        xdc_runtime_Startup_sfxnTab__C=5044 --define_symbol
#        ti_sysbios_knl_Clock_Module__state__V=536875136 --define_symbol
#        ti_sysbios_family_arm_cc26xx_TimestampProvider_Module__state__V=536875180
#        --define_symbol xdc_runtime_Startup_Module__state__V=536875184
#        --define_symbol xdc_runtime_Registry_Module__state__V=536875192
#        --define_symbol ti_sysbios_BIOS_Module__state__V=536875200
#        --define_symbol ti_sysbios_knl_Swi_Module__state__V=536875236
#        --define_symbol ti_sysbios_knl_Task_Module__state__V=536875264
#        --define_symbol xdc_runtime_Memory_Module__state__V=536875332
#        --define_symbol xdc_runtime_System_Module__state__V=536875336
#        --define_symbol
#        ti_sysbios_family_arm_m3_Hwi_Module__state__V=536875344
#        --define_symbol
#        ti_sysbios_family_arm_cc26xx_Timer_Module__state__V=536875396
#        --config_def ROM_constStructAddr=4096 --config_def
#        ROM_dataStructAddr=536875136 --config_def
#        ROM_externFuncStructAddr=5056 --define_symbol
#        xdc_runtime_Startup__EXECFXN__C=1 --define_symbol
#        xdc_runtime_Startup__RESETFXN__C=1 --config_search
#        C:/ti/simplelink_cc13x2_26x2_sdk_2_40_00_81/kernel/tirtos/packages/ti/sysbios/rom/cortexm/cc26xx/cc26x2v2/golden/CC26xx/
#        --config_def USE_TIRTOS_ROM=1 --keep __ASM__ --keep __PLAT__ --keep
#        __ISA__ --keep __TARG__ --keep __TRDR__) -f
#        C:\ti\simplelink_cc13x2_26x2_sdk_2_40_00_81\examples\rtos\CC26X2R1_LAUNCHXL\ble5stack\CC2642_Impedance_3\tirtos\iar\app\..\config\lib_linker.cmd
#        (C:\ti\simplelink_cc13x2_26x2_sdk_2_40_00_81\source\ti\ble5stack\blelib\cc26x2r1\ctrl\hci_pxxx.a
#        C:\ti\simplelink_cc13x2_26x2_sdk_2_40_00_81\source\ti\ble5stack\blelib\cc26x2r1\ctrl\ll_pxxx.a
#        C:\ti\simplelink_cc13x2_26x2_sdk_2_40_00_81\source\ti\ble5stack\blelib\cc26x2r1\hci_tl\hci_tl_none.a
#        C:\ti\simplelink_cc13x2_26x2_sdk_2_40_00_81\source\ti\ble5stack\blelib\cc26x2r1\host\att_pxxx.a
#        C:\ti\simplelink_cc13x2_26x2_sdk_2_40_00_81\source\ti\ble5stack\blelib\cc26x2r1\host\gap_pxxx.a
#        C:\ti\simplelink_cc13x2_26x2_sdk_2_40_00_81\source\ti\ble5stack\blelib\cc26x2r1\host\gatt_pxxx.a
#        C:\ti\simplelink_cc13x2_26x2_sdk_2_40_00_81\source\ti\ble5stack\blelib\cc26x2r1\host\l2cap_pxxx.a
#        C:\ti\simplelink_cc13x2_26x2_sdk_2_40_00_81\source\ti\ble5stack\blelib\cc26x2r1\host\profiles_pxxx.a
#        C:\ti\simplelink_cc13x2_26x2_sdk_2_40_00_81\source\ti\ble5stack\blelib\cc26x2r1\host\smp_pxxx.a
#        C:\ti\simplelink_cc13x2_26x2_sdk_2_40_00_81\source\ti\ble5stack\blelib\cc26x2r1\host\sm_pxxx.a)
#        --semihosting
#        C:\ti\simplelink_cc13x2_26x2_sdk_2_40_00_81\examples\rtos\CC26X2R1_LAUNCHXL\ble5stack\CC2642_Impedance_3\tirtos\iar\app\..\config\ble_r2.symbols
#        C:\ti\simplelink_cc13x2_26x2_sdk_2_40_00_81\examples\rtos\CC26X2R1_LAUNCHXL\ble5stack\CC2642_Impedance_3\tirtos\iar\app\..\..\..\..\..\..\..\..\source\ti\devices\cc13x2_cc26x2\driverlib\bin\iar\driverlib.lib
#        C:\ti\simplelink_cc13x2_26x2_sdk_2_40_00_81\examples\rtos\CC26X2R1_LAUNCHXL\ble5stack\CC2642_Impedance_3\tirtos\iar\app\..\..\..\..\..\..\..\..\kernel\tirtos\packages\ti\dpl\lib\dpl_cc26x2.arm4f
#        C:\ti\simplelink_cc13x2_26x2_sdk_2_40_00_81\examples\rtos\CC26X2R1_LAUNCHXL\ble5stack\CC2642_Impedance_3\tirtos\iar\app\..\..\..\..\..\..\..\..\source\ti\drivers\lib\drivers_cc26x2.arm4f
#        C:\ti\simplelink_cc13x2_26x2_sdk_2_40_00_81\examples\rtos\CC26X2R1_LAUNCHXL\ble5stack\CC2642_Impedance_3\tirtos\iar\app\..\..\..\..\..\..\..\..\source\ti\drivers\rf\lib\rf_multiMode_cc26x2.arm4f
#        C:\ti\simplelink_cc13x2_26x2_sdk_2_40_00_81\examples\rtos\CC26X2R1_LAUNCHXL\ble5stack\CC2642_Impedance_3\tirtos\iar\app\..\..\..\..\..\..\..\..\source\ti\display\lib\display.arm4f
#        C:\ti\simplelink_cc13x2_26x2_sdk_2_40_00_81\examples\rtos\CC26X2R1_LAUNCHXL\ble5stack\CC2642_Impedance_3\tirtos\iar\app\..\..\..\..\..\..\..\..\source\ti\grlib\lib\iar\m4f\grlib.a
#        --entry __iar_program_start --redirect
#        __iar_sh_stdout=__iar_sh_stdout_swo --vfe --text_out locale)
#
###############################################################################

*******************************************************************************
*** RUNTIME MODEL ATTRIBUTES
***

CppFlavor       = *
__SystemLibrary = DLib
__dlib_version  = 6


*******************************************************************************
*** HEAP SELECTION
***

The basic heap was selected because no calls to memory allocation
functions were found in the application outside of system library
functions, and there are calls to deallocation functions in the
application.


*******************************************************************************
*** RESERVED RANGES
***

Ranges reserved by absolute symbols:
   [0x10007005-0x10007968]
   [0x10008b39-0x10009324]
   [0x10009325-0x10009a0c]
   [0x10009a0d-0x1000a030]
   [0x1000afc9-0x1000b470]
   [0x1000c0e5-0x1000c49c]
   [0x1000c49d-0x1000c804]
   [0x1000d699-0x1000d998]
   [0x1000d999-0x1000dc68]
   [0x1000dc69-0x1000df2c]
   [0x1000df2d-0x1000e1ec]
   [0x1000e49d-0x1000e740]
   [0x1000e741-0x1000e9bc]
   [0x1000ec11-0x1000ee4c]
   [0x1000ee4d-0x1000f080]
   [0x1000f081-0x1000f2b0]
   [0x1000f2b1-0x1000f4e0]
   [0x1000f709-0x1000f92c]
   [0x1000f92d-0x1000fb44]
   [0x1000fb45-0x1000fd50]
   [0x1000fd51-0x1000ff44]
   [0x1000ffad-0x10010198]
   [0x10010199-0x10010380]
   [0x10010739-0x10010778]
   [0x10010779-0x10010934]
   [0x10010935-0x10010aec]
   [0x10010c99-0x10010e2c]
   [0x10010ff5-0x10011184]
   [0x10011185-0x10011314]
   [0x10011315-0x100114a4]
   [0x100114a5-0x10011630]
   [0x10011631-0x100117b4]
   [0x100117b5-0x10011930]
   [0x10011931-0x10011aa0]
   [0x10011aa1-0x10011c10]
   [0x10011c11-0x10011d7c]
   [0x10011d7d-0x10011ee4]
   [0x100121a1-0x100122f8]
   [0x100122f9-0x10012448]
   [0x10012449-0x10012590]
   [0x100126d9-0x10012820]
   [0x10012965-0x10012aa4]
   [0x10012aa5-0x10012be4]
   [0x10012be5-0x10012d24]
   [0x10012d25-0x10012e58]
   [0x10012e59-0x10012f88]
   [0x10012f89-0x100130b0]
   [0x100130b1-0x100131d0]
   [0x100131d1-0x100132f0]
   [0x100132f1-0x10013410]
   [0x10013411-0x1001352c]
   [0x1001352d-0x10013648]
   [0x10013649-0x10013764]
   [0x1001387d-0x10013994]
   [0x10013bc1-0x10013cd4]
   [0x10013cd5-0x10013de4]
   [0x10013de5-0x10013ef4]
   [0x10014001-0x1001410c]
   [0x1001410d-0x10014218]
   [0x10014321-0x10014428]
   [0x10014429-0x1001452c]
   [0x1001452d-0x10014630]
   [0x10014631-0x10014730]
   [0x10014731-0x10014830]
   [0x10014831-0x10014878]
   [0x10014879-0x10014978]
   [0x10014979-0x10014a78]
   [0x10014a79-0x10014b78]
   [0x10014b79-0x10014c74]
   [0x10014c75-0x10014d70]
   [0x10014d71-0x10014e6c]
   [0x10014e6d-0x10014f68]
   [0x10014f69-0x10015060]
   [0x10015061-0x10015158]
   [0x10015159-0x1001524c]
   [0x1001533d-0x1001542c]
   [0x1001542d-0x10015518]
   [0x10015519-0x10015604]
   [0x10015605-0x100156f0]
   [0x100157d9-0x100158c0]
   [0x100158c1-0x100159a8]
   [0x100159a9-0x10015a8c]
   [0x10015a8d-0x10015b70]
   [0x10015b71-0x10015c50]
   [0x10015c51-0x10015d30]
   [0x10015d31-0x10015e10]
   [0x10015e11-0x10015ef0]
   [0x10015ef1-0x10015fd0]
   [0x10016061-0x10016140]
   [0x10016141-0x1001621c]
   [0x1001621d-0x100162f8]
   [0x100162f9-0x100163d4]
   [0x100163d5-0x100164b0]
   [0x100164b1-0x1001658c]
   [0x1001658d-0x10016664]
   [0x10016665-0x1001673c]
   [0x1001673d-0x10016814]
   [0x10016815-0x100168ec]
   [0x100168ed-0x100169c4]
   [0x10016b6d-0x10016c3c]
   [0x10016c3d-0x10016d0c]
   [0x10016d0d-0x10016dd8]
   [0x10016dd9-0x10016ea4]
   [0x10016ea5-0x10016f70]
   [0x10016f71-0x1001703c]
   [0x10017109-0x100171d4]
   [0x100171d5-0x1001729c]
   [0x1001729d-0x10017364]
   [0x10017365-0x10017428]
   [0x100174ed-0x100175ac]
   [0x100175ad-0x1001766c]
   [0x1001772d-0x100177ec]
   [0x100177ed-0x100178a8]
   [0x100178a9-0x10017964]
   [0x10017965-0x10017a20]
   [0x10017a21-0x10017adc]
   [0x10017add-0x10017b98]
   [0x10017c55-0x10017d10]
   [0x10017d11-0x10017dc8]
   [0x10017dc9-0x10017e80]
   [0x10017e81-0x10017f38]
   [0x10017f39-0x10017fec]
   [0x10017fed-0x100180a0]
   [0x100180a1-0x10018154]
   [0x10018155-0x10018208]
   [0x10018209-0x100182bc]
   [0x100182bd-0x1001836c]
   [0x1001841d-0x100184cc]
   [0x100184cd-0x1001857c]
   [0x1001857d-0x1001862c]
   [0x1001862d-0x100186dc]
   [0x100186dd-0x1001878c]
   [0x1001878d-0x1001883c]
   [0x1001883d-0x100188e8]
   [0x10018995-0x10018a40]
   [0x10018a41-0x10018aec]
   [0x10018aed-0x10018b98]
   [0x10018b99-0x10018c44]
   [0x10018c45-0x10018cf0]
   [0x10018cf1-0x10018d98]
   [0x10018d99-0x10018e40]
   [0x10018e41-0x10018ee8]
   [0x10018ee9-0x10018f90]
   [0x10018f91-0x10019038]
   [0x10019039-0x100190e0]
   [0x10019189-0x1001922c]
   [0x1001922d-0x100192d0]
   [0x100192d1-0x10019374]
   [0x10019375-0x10019418]
   [0x10019419-0x100194bc]
   [0x100194bd-0x10019560]
   [0x10019561-0x10019604]
   [0x100196a5-0x10019744]
   [0x100197e5-0x10019884]
   [0x10019885-0x10019924]
   [0x10019925-0x100199c4]
   [0x100199c5-0x10019a64]
   [0x10019a65-0x10019b04]
   [0x10019b05-0x10019ba4]
   [0x10019ba5-0x10019c44]
   [0x10019c45-0x10019ce4]
   [0x10019ce5-0x10019d80]
   [0x10019d81-0x10019e1c]
   [0x10019e1d-0x10019eb8]
   [0x10019eb9-0x10019f54]
   [0x10019f55-0x10019ff0]
   [0x1001a089-0x1001a120]
   [0x1001a121-0x1001a1b8]
   [0x1001a1b9-0x1001a250]
   [0x1001a251-0x1001a2e8]
   [0x1001a2e9-0x1001a380]
   [0x1001a381-0x1001a418]
   [0x1001a419-0x1001a4b0]
   [0x1001a545-0x1001a5d8]
   [0x1001a5d9-0x1001a63c]
   [0x1001a63d-0x1001a6d0]
   [0x1001a6d1-0x1001a764]
   [0x1001a765-0x1001a7f8]
   [0x1001a7f9-0x1001a88c]
   [0x1001a88d-0x1001a920]
   [0x1001a921-0x1001a9b4]
   [0x1001a9b5-0x1001aa48]
   [0x1001aa49-0x1001aad8]
   [0x1001aad9-0x1001ab68]
   [0x1001ab69-0x1001abf8]
   [0x1001abf9-0x1001ac88]
   [0x1001ac89-0x1001ad18]
   [0x1001ad19-0x1001ada8]
   [0x1001af55-0x1001afe0]
   [0x1001b06d-0x1001b0f8]
   [0x1001b0f9-0x1001b184]
   [0x1001b185-0x1001b210]
   [0x1001b211-0x1001b29c]
   [0x1001b29d-0x1001b328]
   [0x1001b329-0x1001b3b4]
   [0x1001b3b5-0x1001b440]
   [0x1001b441-0x1001b4cc]
   [0x1001b4cd-0x1001b558]
   [0x1001b5e1-0x1001b668]
   [0x1001b669-0x1001b6f0]
   [0x1001b6f1-0x1001b778]
   [0x1001b779-0x1001b800]
   [0x1001b801-0x1001b888]
   [0x1001b90d-0x1001b990]
   [0x1001ba15-0x1001ba98]
   [0x1001ba99-0x1001bb1c]
   [0x1001bb1d-0x1001bba0]
   [0x1001bba1-0x1001bc20]
   [0x1001bc21-0x1001bca0]
   [0x1001bca1-0x1001bd20]
   [0x1001bd21-0x1001bd38]
   [0x1001bdb9-0x1001be38]
   [0x1001be39-0x1001beb8]
   [0x1001bf39-0x1001bfb8]
   [0x1001bfb9-0x1001c038]
   [0x1001c039-0x1001c0b8]
   [0x1001c0b9-0x1001c138]
   [0x1001c139-0x1001c1b8]
   [0x1001c1b9-0x1001c234]
   [0x1001c235-0x1001c2b0]
   [0x1001c2b1-0x1001c32c]
   [0x1001c425-0x1001c4a0]
   [0x1001c4a1-0x1001c51c]
   [0x1001c51d-0x1001c598]
   [0x1001c599-0x1001c614]
   [0x1001c615-0x1001c690]
   [0x1001c70d-0x1001c788]
   [0x1001c789-0x1001c804]
   [0x1001c805-0x1001c880]
   [0x1001c8f9-0x1001c970]
   [0x1001c971-0x1001c9e8]
   [0x1001c9e9-0x1001ca60]
   [0x1001ca61-0x1001cad8]
   [0x1001cad9-0x1001cb50]
   [0x1001cb51-0x1001cbc8]
   [0x1001cbc9-0x1001cc40]
   [0x1001cc41-0x1001ccb8]
   [0x1001ccb9-0x1001cd30]
   [0x1001cda9-0x1001ce20]
   [0x1001ce21-0x1001ce98]
   [0x1001ce99-0x1001cf0c]
   [0x1001cf0d-0x1001cf80]
   [0x1001cf81-0x1001cff4]
   [0x1001cff5-0x1001d068]
   [0x1001d069-0x1001d0dc]
   [0x1001d0dd-0x1001d150]
   [0x1001d151-0x1001d1c4]
   [0x1001d239-0x1001d2ac]
   [0x1001d2ad-0x1001d320]
   [0x1001d321-0x1001d394]
   [0x1001d395-0x1001d404]
   [0x1001d405-0x1001d474]
   [0x1001d475-0x1001d4e4]
   [0x1001d635-0x1001d6a4]
   [0x1001d6a5-0x1001d714]
   [0x1001d785-0x1001d7f4]
   [0x1001d7f5-0x1001d860]
   [0x1001d861-0x1001d8cc]
   [0x1001d8cd-0x1001d938]
   [0x1001d939-0x1001d9a4]
   [0x1001d9a5-0x1001da10]
   [0x1001da11-0x1001da7c]
   [0x1001dae9-0x1001db54]
   [0x1001db55-0x1001dbc0]
   [0x1001dbc1-0x1001dc28]
   [0x1001dc91-0x1001dcf8]
   [0x1001dcf9-0x1001dd50]
   [0x1001dd51-0x1001ddb8]
   [0x1001de21-0x1001de88]
   [0x1001de89-0x1001def0]
   [0x1001def1-0x1001df58]
   [0x1001df59-0x1001dfc0]
   [0x1001dfc1-0x1001e028]
   [0x1001e029-0x1001e090]
   [0x1001e091-0x1001e0f8]
   [0x1001e0f9-0x1001e160]
   [0x1001e161-0x1001e1c8]
   [0x1001e22d-0x1001e290]
   [0x1001e291-0x1001e2f4]
   [0x1001e2f5-0x1001e358]
   [0x1001e359-0x1001e3bc]
   [0x1001e3bd-0x1001e420]
   [0x1001e421-0x1001e484]
   [0x1001e485-0x1001e4e8]
   [0x1001e4e9-0x1001e54c]
   [0x1001e54d-0x1001e5b0]
   [0x1001e5b1-0x1001e614]
   [0x1001e615-0x1001e678]
   [0x1001e679-0x1001e6dc]
   [0x1001e6dd-0x1001e740]
   [0x1001e741-0x1001e7a4]
   [0x1001e7a5-0x1001e804]
   [0x1001e805-0x1001e864]
   [0x1001e865-0x1001e8c4]
   [0x1001e8c5-0x1001e924]
   [0x1001e925-0x1001e984]
   [0x1001e985-0x1001e9e4]
   [0x1001e9e5-0x1001ea44]
   [0x1001eaa5-0x1001eb04]
   [0x1001eb05-0x1001eb64]
   [0x1001eb65-0x1001ebc4]
   [0x1001ebc5-0x1001ec24]
   [0x1001ec25-0x1001ec84]
   [0x1001ec85-0x1001ece4]
   [0x1001ece5-0x1001ed44]
   [0x1001ed45-0x1001eda4]
   [0x1001eda5-0x1001ee04]
   [0x1001ee05-0x1001ee62]
   [0x1001ee65-0x1001eec0]
   [0x1001eec1-0x1001ef1c]
   [0x1001ef1d-0x1001ef78]
   [0x1001efd5-0x1001f030]
   [0x1001f031-0x1001f08c]
   [0x1001f08d-0x1001f0e8]
   [0x1001f145-0x1001f1a0]
   [0x1001f1a1-0x1001f1fc]
   [0x1001f1fd-0x1001f258]
   [0x1001f259-0x1001f2b4]
   [0x1001f2b5-0x1001f310]
   [0x1001f311-0x1001f36c]
   [0x1001f36d-0x1001f3c8]
   [0x1001f3c9-0x1001f424]
   [0x1001f425-0x1001f47c]
   [0x1001f52d-0x1001f584]
   [0x1001f585-0x1001f5dc]
   [0x1001f5dd-0x1001f634]
   [0x1001f635-0x1001f68c]
   [0x1001f68d-0x1001f6e4]
   [0x1001f6e5-0x1001f73c]
   [0x1001f73d-0x1001f794]
   [0x1001f795-0x1001f7ec]
   [0x1001f7ed-0x1001f844]
   [0x1001f845-0x1001f89c]
   [0x1001f89d-0x1001f8f4]
   [0x1001f8f5-0x1001f94c]
   [0x1001fa9d-0x1001faf0]
   [0x1001fb45-0x1001fb98]
   [0x1001fbed-0x1001fc40]
   [0x1001fce9-0x1001fd3c]
   [0x1001fd3d-0x1001fd90]
   [0x1001fd91-0x1001fde4]
   [0x1001fde5-0x1001fe38]
   [0x1001fe39-0x1001fe8c]
   [0x1001ff89-0x1001ffdc]
   [0x1001ffdd-0x10020030]
   [0x10020031-0x10020084]
   [0x10020085-0x100200d8]
   [0x100200d9-0x1002012c]
   [0x10020181-0x100201d2]
   [0x10020265-0x100202b4]
   [0x100202b5-0x10020304]
   [0x10020305-0x10020354]
   [0x10020355-0x100203a4]
   [0x100203a5-0x100203f4]
   [0x100203f5-0x10020444]
   [0x10020445-0x10020494]
   [0x10020495-0x100204e4]
   [0x100204e5-0x10020534]
   [0x10020535-0x10020584]
   [0x100205d5-0x10020624]
   [0x10020625-0x10020670]
   [0x100206bd-0x10020708]
   [0x10020709-0x10020754]
   [0x10020755-0x100207a0]
   [0x100207a1-0x100207ec]
   [0x10020885-0x100208d0]
   [0x100208d1-0x1002091c]
   [0x1002091d-0x10020968]
   [0x10020969-0x100209b4]
   [0x10020a01-0x10020a4c]
   [0x10020a4d-0x10020a98]
   [0x10020a99-0x10020ae4]
   [0x10020ae5-0x10020b30]
   [0x10020b31-0x10020b7c]
   [0x10020b7d-0x10020bc8]
   [0x10020bc9-0x10020c14]
   [0x10020c15-0x10020c5e]
   [0x10020c61-0x10020ca8]
   [0x10020cf1-0x10020d38]
   [0x10020d39-0x10020d80]
   [0x10020d81-0x10020dc8]
   [0x10020dc9-0x10020e10]
   [0x10020e11-0x10020e58]
   [0x10020ea1-0x10020ee8]
   [0x10020f31-0x10020f78]
   [0x10020f79-0x10020fc0]
   [0x10020fc1-0x10021008]
   [0x10021051-0x10021098]
   [0x10021099-0x100210e0]
   [0x100210e1-0x10021128]
   [0x10021129-0x10021170]
   [0x10021171-0x100211b8]
   [0x100211b9-0x10021200]
   [0x10021201-0x10021248]
   [0x10021249-0x10021290]
   [0x10021291-0x100212d8]
   [0x100212d9-0x10021320]
   [0x10021321-0x10021366]
   [0x10021369-0x100213ae]
   [0x100213f5-0x10021438]
   [0x10021439-0x1002147c]
   [0x1002147d-0x100214c0]
   [0x100214c1-0x10021504]
   [0x10021505-0x10021548]
   [0x1002158d-0x100215d0]
   [0x10021659-0x1002169c]
   [0x1002169d-0x100216e0]
   [0x100216e1-0x10021724]
   [0x10021725-0x10021768]
   [0x10021769-0x100217ac]
   [0x100217ad-0x100217f0]
   [0x100217f1-0x10021834]
   [0x10021835-0x10021878]
   [0x10021879-0x100218bc]
   [0x100218bd-0x10021900]
   [0x10021901-0x10021944]
   [0x10021945-0x10021988]
   [0x10021989-0x100219cc]
   [0x100219cd-0x10021a0e]
   [0x10021a11-0x10021a50]
   [0x10021a51-0x10021a90]
   [0x10021a91-0x10021ad0]
   [0x10021ad1-0x10021b10]
   [0x10021b11-0x10021b50]
   [0x10021b51-0x10021b90]
   [0x10021b91-0x10021bd0]
   [0x10021bd1-0x10021c10]
   [0x10021c11-0x10021c50]
   [0x10021d11-0x10021d50]
   [0x10021d91-0x10021dd0]
   [0x10021e11-0x10021e50]
   [0x10021e51-0x10021e90]
   [0x10021e91-0x10021ed0]
   [0x10021ed1-0x10021f10]
   [0x10021f11-0x10021f50]
   [0x10021f51-0x10021f90]
   [0x10021f91-0x10021fd0]
   [0x10021fd1-0x10022010]
   [0x10022011-0x10022050]
   [0x10022051-0x10022090]
   [0x100220d1-0x1002210e]
   [0x1002214d-0x10022188]
   [0x10022189-0x100221c4]
   [0x100221c5-0x10022200]
   [0x10022201-0x1002223c]
   [0x1002223d-0x10022278]
   [0x100222f1-0x1002232c]
   [0x1002232d-0x10022368]
   [0x100223a5-0x100223e0]
   [0x100223e1-0x1002241c]
   [0x100226b1-0x100226ec]
   [0x100226ed-0x10022728]
   [0x10022729-0x10022764]
   [0x10022765-0x100227a0]
   [0x100227a1-0x100227dc]
   [0x100227dd-0x10022818]
   [0x10022819-0x10022854]
   [0x10022855-0x10022890]
   [0x10022891-0x100228cc]
   [0x100228cd-0x10022908]
   [0x10022909-0x10022944]
   [0x10022945-0x1002297e]
   [0x10022981-0x100229ba]
   [0x100229f5-0x10022a2c]
   [0x10022a2d-0x10022a64]
   [0x10022ad5-0x10022b0c]
   [0x10022b0d-0x10022b44]
   [0x10022c5d-0x10022c94]
   [0x10022c95-0x10022ccc]
   [0x10022d05-0x10022d3c]
   [0x10022d3d-0x10022d74]
   [0x10022d75-0x10022dac]
   [0x10022dad-0x10022de4]
   [0x10022e55-0x10022e8c]
   [0x10022e8d-0x10022ec4]
   [0x10022ec5-0x10022efc]
   [0x10022f3d-0x10022f74]
   [0x10022f75-0x10022fac]
   [0x10022fad-0x10022fe4]
   [0x10022fe5-0x1002301c]
   [0x1002301d-0x10023054]
   [0x10023055-0x1002308c]
   [0x1002308d-0x100230c4]
   [0x100230c5-0x100230fc]
   [0x100230fd-0x10023134]
   [0x10023135-0x1002316c]
   [0x100231a5-0x100231da]
   [0x100231dd-0x10023212]
   [0x10023215-0x10023248]
   [0x10023249-0x1002327c]
   [0x1002327d-0x100232b0]
   [0x100232b1-0x100232e4]
   [0x100232e5-0x10023318]
   [0x10023319-0x1002334c]
   [0x1002334d-0x10023380]
   [0x100233e9-0x1002341c]
   [0x1002341d-0x10023450]
   [0x10023451-0x10023484]
   [0x100234b9-0x100234ec]
   [0x100234ed-0x10023520]
   [0x10023521-0x10023554]
   [0x10023555-0x10023588]
   [0x10023589-0x100235bc]
   [0x10023625-0x10023658]
   [0x10023659-0x1002368c]
   [0x1002368d-0x100236c0]
   [0x100236f5-0x10023728]
   [0x10023729-0x1002375c]
   [0x1002375d-0x10023790]
   [0x10023791-0x100237c4]
   [0x100237c5-0x100237f8]
   [0x1002382d-0x10023860]
   [0x10023da9-0x10023ddc]
   [0x10023ddd-0x10023e10]
   [0x10023e11-0x10023e44]
   [0x10023e45-0x10023e78]
   [0x10023e79-0x10023eac]
   [0x10023ead-0x10023ee0]
   [0x10023ee1-0x10023f14]
   [0x10023f15-0x10023f48]
   [0x10023f49-0x10023f7c]
   [0x10023f7d-0x10023fb0]
   [0x10023fb1-0x10023fe4]
   [0x10023fe5-0x10024018]
   [0x10024019-0x1002404c]
   [0x1002404d-0x10024080]
   [0x10024081-0x100240b4]
   [0x100240b5-0x100240e8]
   [0x100240e9-0x1002411c]
   [0x1002411d-0x10024150]
   [0x10024151-0x10024184]
   [0x10024185-0x100241b8]
   [0x100241b9-0x100241ec]
   [0x10024221-0x10024252]
   [0x10024255-0x10024286]
   [0x10024289-0x100242ba]
   [0x100242bd-0x100242ec]
   [0x100242ed-0x1002431c]
   [0x1002431d-0x1002434c]
   [0x1002434d-0x1002437c]
   [0x1002437d-0x100243ac]
   [0x100243ad-0x100243dc]
   [0x100243dd-0x1002440c]
   [0x1002443d-0x1002446c]
   [0x1002449d-0x100244cc]
   [0x100244cd-0x100244fc]
   [0x1002455d-0x1002458c]
   [0x1002458d-0x100245bc]
   [0x100246ad-0x100246dc]
   [0x100246dd-0x1002470c]
   [0x1002473d-0x1002476c]
   [0x1002476d-0x1002479c]
   [0x1002479d-0x100247cc]
   [0x100247cd-0x100247fc]
   [0x100247fd-0x1002482c]
   [0x1002482d-0x1002485c]
   [0x1002485d-0x1002488c]
   [0x100248bd-0x100248ec]
   [0x100248ed-0x1002491c]
   [0x1002491d-0x1002494c]
   [0x1002494d-0x1002497c]
   [0x1002497d-0x100249ac]
   [0x100249ad-0x100249dc]
   [0x100249dd-0x10024a0c]
   [0x10024a0d-0x10024a38]
   [0x10024a39-0x10024a64]
   [0x10024a65-0x10024a90]
   [0x10024a91-0x10024abc]
   [0x10024abd-0x10024ae8]
   [0x10024ae9-0x10024b14]
   [0x10024b15-0x10024b40]
   [0x10024b99-0x10024bc4]
   [0x10024d51-0x10024d7c]
   [0x10024d7d-0x10024da8]
   [0x10024da9-0x10024dd4]
   [0x10024dd5-0x10024e00]
   [0x10024e01-0x10024e2c]
   [0x10024e2d-0x10024e58]
   [0x10024e85-0x10024eb0]
   [0x10024eb1-0x10024edc]
   [0x10024edd-0x10024f08]
   [0x10024f09-0x10024f34]
   [0x10024f35-0x10024f60]
   [0x10024f61-0x10024f8c]
   [0x10024f8d-0x10024fb8]
   [0x10024fb9-0x10024fe4]
   [0x10024fe5-0x10025010]
   [0x10025011-0x1002503c]
   [0x1002503d-0x10025068]
   [0x10025069-0x10025094]
   [0x10025095-0x100250c0]
   [0x100250ed-0x10025116]
   [0x10025145-0x1002516c]
   [0x1002516d-0x10025194]
   [0x10025195-0x100251bc]
   [0x100251bd-0x100251e4]
   [0x1002520d-0x10025234]
   [0x10025235-0x1002525c]
   [0x1002525d-0x10025284]
   [0x10025285-0x100252ac]
   [0x100252ad-0x100252d4]
   [0x100252d5-0x100252fc]
   [0x100252fd-0x10025324]
   [0x10025325-0x1002534c]
   [0x100253ed-0x10025414]
   [0x10025415-0x1002543c]
   [0x1002543d-0x10025464]
   [0x10025465-0x1002548c]
   [0x1002548d-0x100254b4]
   [0x100254b5-0x100254dc]
   [0x100254dd-0x10025504]
   [0x10025505-0x1002552c]
   [0x1002552d-0x10025554]
   [0x10025555-0x1002557c]
   [0x1002557d-0x100255a4]
   [0x100255a5-0x100255cc]
   [0x100255cd-0x100255f4]
   [0x100255f5-0x1002561c]
   [0x1002561d-0x10025644]
   [0x10025645-0x1002566c]
   [0x1002566d-0x10025694]
   [0x10025695-0x100256bc]
   [0x100256bd-0x100256e4]
   [0x100256e5-0x1002570c]
   [0x1002570d-0x10025734]
   [0x10025735-0x1002575c]
   [0x1002575d-0x10025784]
   [0x100257ad-0x100257d2]
   [0x100258ad-0x100258d0]
   [0x100258d1-0x100258f4]
   [0x100258f5-0x10025918]
   [0x10025919-0x1002593c]
   [0x1002593d-0x10025960]
   [0x10025961-0x10025984]
   [0x10025985-0x100259a8]
   [0x100259a9-0x100259cc]
   [0x100259cd-0x100259f0]
   [0x100259f1-0x10025a14]
   [0x10025a15-0x10025a38]
   [0x10025a39-0x10025a5c]
   [0x10025a5d-0x10025a80]
   [0x10025a81-0x10025aa4]
   [0x10025aa5-0x10025ac8]
   [0x10025ac9-0x10025aec]
   [0x10025aed-0x10025b0e]
   [0x10025b11-0x10025b32]
   [0x10025b35-0x10025b56]
   [0x10025b59-0x10025b7a]
   [0x10025b7d-0x10025b9e]
   [0x10025ba1-0x10025bc2]
   [0x10025bc5-0x10025be6]
   [0x10025c69-0x10025c88]
   [0x10025c89-0x10025ca8]
   [0x10025ca9-0x10025cc8]
   [0x10025cc9-0x10025ce8]
   [0x10025ce9-0x10025d08]
   [0x10025d29-0x10025d48]
   [0x10025d69-0x10025d88]
   [0x10025d89-0x10025da8]
   [0x10025da9-0x10025dc8]
   [0x10025de9-0x10025e08]
   [0x10025e09-0x10025e28]
   [0x10025e29-0x10025e48]
   [0x10025e49-0x10025e68]
   [0x10025e89-0x10025ea8]
   [0x10025ec9-0x10025ee8]
   [0x10025ee9-0x10025f08]
   [0x10025f29-0x10025f48]
   [0x10025f69-0x10025f88]
   [0x10025f89-0x10025fa8]
   [0x10025fa9-0x10025fc8]
   [0x10025fc9-0x10025fe8]
   [0x10025fe9-0x10026008]
   [0x10026009-0x10026028]
   [0x10026029-0x10026048]
   [0x10026049-0x10026066]
   [0x10026069-0x10026086]
   [0x10026089-0x100260a6]
   [0x100260c5-0x100260e0]
   [0x100260e1-0x100260fc]
   [0x10026119-0x10026134]
   [0x1002616d-0x10026188]
   [0x100261a5-0x100261c0]
   [0x100261c1-0x100261dc]
   [0x100261dd-0x100261f8]
   [0x100261f9-0x10026214]
   [0x10026215-0x10026230]
   [0x1002624d-0x10026268]
   [0x10026269-0x10026284]
   [0x10026285-0x100262a0]
   [0x100262a1-0x100262bc]
   [0x100262bd-0x100262d8]
   [0x100262d9-0x100262f4]
   [0x100262f5-0x10026310]
   [0x10026311-0x1002632c]
   [0x1002632d-0x10026348]
   [0x10026349-0x10026364]
   [0x10026381-0x1002639c]
   [0x1002639d-0x100263b8]
   [0x100263b9-0x100263d2]
   [0x1002647d-0x10026494]
   [0x100264ad-0x100264c4]
   [0x100264f5-0x1002650c]
   [0x1002650d-0x10026524]
   [0x1002653d-0x10026554]
   [0x10026555-0x1002656c]
   [0x1002656d-0x10026584]
   [0x10026585-0x1002659c]
   [0x1002659d-0x100265b4]
   [0x100265b5-0x100265cc]
   [0x100265cd-0x100265e4]
   [0x100265e5-0x100265fc]
   [0x100265fd-0x10026614]
   [0x10026615-0x1002662c]
   [0x1002662d-0x10026644]
   [0x10026645-0x1002665c]
   [0x1002665d-0x10026674]
   [0x10026675-0x1002668c]
   [0x1002668d-0x100266a4]
   [0x100266a5-0x100266bc]
   [0x100266bd-0x100266d4]
   [0x100266d5-0x100266ec]
   [0x100266ed-0x10026704]
   [0x10026705-0x1002671c]
   [0x1002671d-0x10026734]
   [0x10026735-0x1002674c]
   [0x10026765-0x1002677a]
   [0x10026795-0x100267aa]
   [0x100267dd-0x100267f2]
   [0x1002680d-0x10026822]
   [0x10026825-0x1002683a]
   [0x100268dd-0x100268f0]
   [0x100268f1-0x10026904]
   [0x10026905-0x10026918]
   [0x10026919-0x1002692c]
   [0x1002692d-0x10026940]
   [0x10026941-0x10026954]
   [0x10026955-0x10026968]
   [0x10026969-0x1002697c]
   [0x1002697d-0x10026990]
   [0x10026991-0x100269a4]
   [0x100269a5-0x100269b8]
   [0x100269cd-0x100269de]
   [0x100269e1-0x100269f2]
   [0x10026a45-0x10026a54]
   [0x10026a55-0x10026a64]
   [0x10026a75-0x10026a84]
   [0x10026a85-0x10026a94]
   [0x10026a95-0x10026aa4]
   [0x10026aa5-0x10026ab4]
   [0x10026ab5-0x10026ac4]
   [0x10026ac5-0x10026ad4]
   [0x10026ad5-0x10026ae4]
   [0x10026ae5-0x10026af4]
   [0x10026af5-0x10026b04]
   [0x10026b05-0x10026b14]
   [0x10026b15-0x10026b24]
   [0x10026b25-0x10026b34]
   [0x10026b35-0x10026b44]
   [0x10026b45-0x10026b54]
   [0x10026b55-0x10026b64]
   [0x10026b65-0x10026b74]
   [0x10026b75-0x10026b84]
   [0x10026b85-0x10026b94]
   [0x10026ba5-0x10026bb2]
   [0x10026bc5-0x10026bd2]
   [0x10026bd5-0x10026be2]
   [0x10026be5-0x10026bf2]
   [0x10026c25-0x10026c30]
   [0x10026c31-0x10026c3c]
   [0x10026c61-0x10026c6c]
   [0x10026c9d-0x10026ca8]
   [0x10026ca9-0x10026cb4]
   [0x10026cb5-0x10026cc0]
   [0x10026cc1-0x10026ccc]
   [0x10026ccd-0x10026cd8]
   [0x10026cd9-0x10026ce4]
   [0x10026ce5-0x10026cf0]
   [0x10026cfd-0x10026d08]
   [0x10026d15-0x10026d20]
   [0x10026d21-0x10026d2c]
   [0x10026d2d-0x10026d38]
   [0x10026d39-0x10026d44]
   [0x10026d45-0x10026d50]
   [0x10026d51-0x10026d5c]
   [0x10026d5d-0x10026d68]
   [0x10026d75-0x10026d80]
   [0x10026d81-0x10026d8c]
   [0x10026d99-0x10026da4]
   [0x10026da5-0x10026db0]
   [0x10026ded-0x10026df6]
   [0x10026e19-0x10026e20]
   [0x10026e31-0x10026e38]
   [0x10026e39-0x10026e40]
   [0x10026e41-0x10026e48]
   [0x10026e49-0x10026e4e]
   [0x10026e55-0x10026e58]
   [0x10026e59-0x10026e5c]
   [0x10026e5d-0x10026e60]
   [0x10026e65-0x10026e68]
   [0x10026e69-0x10026e6c]
   [0x10026e6d-0x10026e70]
   [0x10026e71-0x10026e74]
   [0x10026e75-0x10026e78]
   [0x10026e79-0x10026e7c]
   [0x10026e7d-0x10026e80]
   [0x10026e81-0x10026e84]
   [0x10026e95-0x10026e98]
   [0x10026e99-0x10026e9c]
   [0x10026e9d-0x10026ea0]
   [0x10026ea1-0x10026ea4]
   [0x10026ea5-0x10026ea8]
   [0x10026ea9-0x10026eac]
   [0x10026ead-0x10026eb0]
   [0x10026eb1-0x10026eb4]
   [0x10026ed5-0x10026ed6]
   [0x10026ed9-0x10026eda]
   [0x10026edd-0x10026ede]
   [0x20000000-0x200000d7]
   [0x20000272-0x20000272]
   [0x20000273-0x20000273]
   [0x20000276-0x20000276]
   [0x20000828-0x200008ef]
   [0x20000aec-0x20000b0f]
   [0x20000b94-0x20000baf]
   [0x20000c38-0x20000c4f]
   [0x20000c98-0x20000cab]
   [0x20000cc0-0x20000cd3]
   [0x20000dfc-0x20000e07]
   [0x20000e18-0x20000e1f]
   [0x20000e20-0x20000e27]
   [0x20000e28-0x20000e2f]
   [0x20000e40-0x20000e47]
   [0x20000e48-0x20000e4f]
   [0x20000e50-0x20000e57]
   [0x20000e70-0x20000e77]
   [0x20000e78-0x20000e7f]
   [0x20000e80-0x20000e87]
   [0x20000e88-0x20000e8f]
   [0x20000e98-0x20000e9b]
   [0x20000e9c-0x20000e9f]
   [0x20000ea0-0x20000ea3]
   [0x20000ea4-0x20000ea7]
   [0x20000ea8-0x20000eab]
   [0x20000f00-0x20000f03]
   [0x20000f08-0x20000f0b]
   [0x20000f1c-0x20000f1f]
   [0x20000f20-0x20000f23]
   [0x20000f24-0x20000f27]
   [0x20000f28-0x20000f2b]
   [0x20000f2c-0x20000f2f]
   [0x20000f30-0x20000f33]
   [0x20000f34-0x20000f37]
   [0x20000f38-0x20000f3b]
   [0x20000f3c-0x20000f3f]
   [0x20000f40-0x20000f43]
   [0x20000f44-0x20000f47]
   [0x20000f48-0x20000f4b]
   [0x20000f4c-0x20000f4f]
   [0x20000f50-0x20000f53]
   [0x20000f54-0x20000f57]
   [0x20000f68-0x20000f6b]
   [0x20000f6c-0x20000f6f]
   [0x20000f70-0x20000f73]
   [0x20000f74-0x20000f77]
   [0x20000f84-0x20000f85]
   [0x20000f86-0x20000f87]
   [0x20000f88-0x20000f89]
   [0x20000f8a-0x20000f8b]
   [0x20000f8c-0x20000f8d]
   [0x20000f8e-0x20000f8f]
   [0x20000f90-0x20000f91]
   [0x20000f92-0x20000f93]
   [0x20000f94-0x20000f95]
   [0x20000f96-0x20000f97]
   [0x20000f98-0x20000f99]
   [0x20000f9a-0x20000f9b]
   [0x20000f9c-0x20000f9d]
   [0x20000f9e-0x20000f9f]
   [0x20000fa0-0x20000fa1]
   [0x20000fa9-0x20000fa9]
   [0x20000faa-0x20000faa]
   [0x20000fb4-0x20000fb4]
   [0x20000fb5-0x20000fb5]
   [0x20000fb6-0x20000fb6]
   [0x20000fb7-0x20000fb7]
   [0x20000fc1-0x20000fc1]
   [0x20000fc3-0x20000fc3]
   [0x20000fc4-0x20000fc4]
   [0x20000fc5-0x20000fc5]
   [0x20000fc6-0x20000fc6]
   [0x20000fc7-0x20000fc7]
   [0x20000fc8-0x20000fc8]
   [0x20000fc9-0x20000fc9]
   [0x20000fca-0x20000fca]
   [0x20000fcb-0x20000fcb]
   [0x20000fcc-0x20000fcc]
   [0x20000fcd-0x20000fcd]
   [0x20000fce-0x20000fce]
   [0x20000fcf-0x20000fcf]
   [0x20000fd0-0x20000fd0]
   [0x20000fd1-0x20000fd1]
   [0x20000fd2-0x20000fd2]
   [0x20000fd3-0x20000fd3]
   [0x20000fd4-0x20000fd4]
   [0x20000fd5-0x20000fd5]
   [0x20000fd6-0x20000fd6]
   [0x20000fd7-0x20000fd7]
   [0x20001830-0x2000183f]
   [0x20001840-0x2000184f]
   [0x20001900-0x2000190f]
   [0x20001910-0x2000191f]
   [0x20001a30-0x20001a3f]
   [0x20001a40-0x20001a4f]
   [0x20001b00-0x20001b0f]
   [0x20001b10-0x20001b1f]


*******************************************************************************
*** PLACEMENT SUMMARY
***

"A0":  place at end of [from 0x00056000 to 0x00057fff] { ro section .ccfg };
"A1":  place at 0x00000000 { ro section .intvec };
define block ROCODE { ro };
"P1":  place in [from 0x00000000 to 0x00055fff] |
                [from 0x00056000 to 0x00057fff] { block ROCODE };
define block HEAP_END with size = 1 { section .heap_end };
define block CSTACK with size = 1K, alignment = 8 { section .stack };
define block END_OF_RAM with fixed order { block HEAP_END, block CSTACK };
"A3":  place at end of [from 0x20000fdf to 0x20013fff] { block END_OF_RAM };
define block RWDATA with alignment = 8 { rw };
"P2":  place in [from 0x20000fdf to 0x20013fff] {
          block RWDATA, last section .heap_start };
"A4":  place at 0x20000104 { rw section .data_xdcRomExternFuncPtr };
"A5":  place at 0x20000108 { rw section .data_xdcRomStatePtr };
"A6":  place at 0x20000100 { rw section .data_xdcRomConstPtr };
"A7":  place at 0x00001000 { section .const_ROM_constStruct };
"A8":  place at 0x20001080 { section .data_ROM_stateStruct };
"A9":  place at 0x000013c0 { section .const_ROM_externFuncPtrs };
initialize by copy { rw };
keep { section .ccfg };
keep { ro section .intvec };

No sections matched the following patterns:

  section .stack       in block CSTACK
  section .vtable_ram  in "A2"


  Section                 Kind        Address     Size  Object
  -------                 ----        -------     ----  ------
"A1":                                             0x3c
  .intvec                 const    0x00000000     0x3c  ble_release_prm4f.orm4f [3]
                                 - 0x0000003c     0x3c

"A7":                                            0x3b8
  .const_ROM_constStruct  const    0x00001000    0x3b8  ble_release_prm4f.orm4f [3]
                                 - 0x000013b8    0x3b8

"A9":                                             0x48
  .const_ROM_externFuncPtrs
                          const    0x000013c0     0x48  ble_release_prm4f.orm4f [3]
                                 - 0x00001408     0x48

"P1":                                          0x19674
  ROCODE                           0x00001408  0x19674  <Block>
    .text                 ro code  0x00001408    0xb28  pow64.o [16]
    .text                 ro code  0x00001f30     0x20  DblCmpEq.o [16]
    .text                 ro code  0x00001f50     0x70  frexp.o [16]
    .text                 ro code  0x00001fc0     0x2e  DblCmpLe.o [16]
    .rodata               const    0x00001fee      0x2  gatt_uuid.o [1]
    .text                 ro code  0x00001ff0    0x1a2  DblMul.o [16]
    .rodata               const    0x00002192      0x2  ll_config.o [15]
    .text                 ro code  0x00002194    0x178  DblAdd.o [16]
    .text                 ro code  0x0000230c     0x3a  DblToS32.o [16]
    .rodata               const    0x00002346      0x2  ll_config.o [15]
    .text                 ro code  0x00002348     0x22  S32ToDbl.o [16]
    .rodata               const    0x0000236a      0x2  ll_config.o [15]
    .text                 ro code  0x0000236c     0xe2  DblSub.o [16]
    .rodata               const    0x0000244e      0x2  ll_config.o [15]
    .text                 ro code  0x00002450    0x246  DblDiv.o [16]
    .rodata               const    0x00002696      0x2  ll_config.o [15]
    .text                 ro code  0x00002698     0x2e  DblCmpGe.o [16]
    .rodata               const    0x000026c6      0x2  ll_config.o [15]
    .text                 ro code  0x000026c8    0x418  iar_Exp64.o [16]
    .text                 ro code  0x00002ae0    0x13a  ldexp.o [16]
    .text                 ro code  0x00002c1a     0x16  osal_list.o [6]
    .text                 ro code  0x00002c30    0x208  iar_Atan64.o [16]
    .const_ti_sysbios_family_arm_m3_Hwi_Object__PARAMS__C
                          const    0x00002e38     0x30  ble_release_prm4f.orm4f [3]
    .const_ti_sysbios_family_arm_m3_Hwi_excHookFuncs__A
                          const    0x00002e68      0x8  ble_release_prm4f.orm4f [3]
    .const_ti_sysbios_family_arm_m3_Hwi_swiDisable__C
                          const    0x00002e70      0x4  ble_release_prm4f.orm4f [3]
    .const_ti_sysbios_family_arm_m3_Hwi_swiRestoreHwi__C
                          const    0x00002e74      0x4  ble_release_prm4f.orm4f [3]
    .const_ti_sysbios_gates_GateHwi_Object__PARAMS__C
                          const    0x00002e78     0x18  ble_release_prm4f.orm4f [3]
    .const_ti_sysbios_gates_GateMutexPri_Instance_State_pendQ__O
                          const    0x00002e90      0x4  ble_release_prm4f.orm4f [3]
    .const_ti_sysbios_gates_GateMutexPri_Module__FXNS__C
                          const    0x00002e94     0x24  ble_release_prm4f.orm4f [3]
    .const_ti_sysbios_gates_GateMutexPri_Object__DESC__C
                          const    0x00002eb8     0x20  ble_release_prm4f.orm4f [3]
    .const_ti_sysbios_gates_GateMutexPri_Object__PARAMS__C
                          const    0x00002ed8     0x18  ble_release_prm4f.orm4f [3]
    .const_ti_sysbios_gates_GateMutex_Object__PARAMS__C
                          const    0x00002ef0     0x18  ble_release_prm4f.orm4f [3]
    .const_ti_sysbios_hal_Hwi_Object__PARAMS__C
                          const    0x00002f08     0x2c  ble_release_prm4f.orm4f [3]
    .const_ti_sysbios_heaps_HeapCallback_Module__FXNS__C
                          const    0x00002f34     0x28  ble_release_prm4f.orm4f [3]
    .const_ti_sysbios_heaps_HeapCallback_Object__DESC__C
                          const    0x00002f5c     0x20  ble_release_prm4f.orm4f [3]
    .const_ti_sysbios_heaps_HeapCallback_Object__PARAMS__C
                          const    0x00002f7c     0x1c  ble_release_prm4f.orm4f [3]
    .const_ti_sysbios_heaps_HeapCallback_Object__count__C
                          const    0x00002f98      0x4  ble_release_prm4f.orm4f [3]
    .const_ti_sysbios_heaps_HeapCallback_allocInstFxn__C
                          const    0x00002f9c      0x4  ble_release_prm4f.orm4f [3]
    .const_ti_sysbios_heaps_HeapCallback_createInstFxn__C
                          const    0x00002fa0      0x4  ble_release_prm4f.orm4f [3]
    .const_ti_sysbios_heaps_HeapCallback_deleteInstFxn__C
                          const    0x00002fa4      0x4  ble_release_prm4f.orm4f [3]
    .const_ti_sysbios_heaps_HeapCallback_freeInstFxn__C
                          const    0x00002fa8      0x4  ble_release_prm4f.orm4f [3]
    .const_ti_sysbios_heaps_HeapCallback_getStatsInstFxn__C
                          const    0x00002fac      0x4  ble_release_prm4f.orm4f [3]
    .const_ti_sysbios_heaps_HeapCallback_initInstFxn__C
                          const    0x00002fb0      0x4  ble_release_prm4f.orm4f [3]
    .const_ti_sysbios_heaps_HeapCallback_isBlockingInstFxn__C
                          const    0x00002fb4      0x4  ble_release_prm4f.orm4f [3]
    .const_ti_sysbios_heaps_HeapMem_Object__PARAMS__C
                          const    0x00002fb8     0x24  ble_release_prm4f.orm4f [3]
    .const_ti_sysbios_knl_Clock_Object__PARAMS__C
                          const    0x00002fdc     0x24  ble_release_prm4f.orm4f [3]
    .const_ti_sysbios_knl_Clock_tickPeriod__C
                          const    0x00003000      0x4  ble_release_prm4f.orm4f [3]
    .const_ti_sysbios_knl_Event_Object__PARAMS__C
                          const    0x00003004     0x18  ble_release_prm4f.orm4f [3]
    .const_ti_sysbios_knl_Idle_funcList__A
                          const    0x0000301c      0x4  ble_release_prm4f.orm4f [3]
    .const_ti_sysbios_knl_Mailbox_Object__PARAMS__C
                          const    0x00003020     0x34  ble_release_prm4f.orm4f [3]
    .const_ti_sysbios_knl_Queue_Object__PARAMS__C
                          const    0x00003054     0x18  ble_release_prm4f.orm4f [3]
    .const_ti_sysbios_knl_Semaphore_Object__PARAMS__C
                          const    0x0000306c     0x24  ble_release_prm4f.orm4f [3]
    .const_ti_sysbios_knl_Swi_Object__PARAMS__C
                          const    0x00003090     0x28  ble_release_prm4f.orm4f [3]
    .const_ti_sysbios_knl_Task_Object__PARAMS__C
                          const    0x000030b8     0x3c  ble_release_prm4f.orm4f [3]
    .const_xdc_runtime_Startup_firstFxns__A
                          const    0x000030f4     0x10  ble_release_prm4f.orm4f [3]
    .const_xdc_runtime_Startup_sfxnRts__A
                          const    0x00003104     0x14  ble_release_prm4f.orm4f [3]
    .const_xdc_runtime_Startup_sfxnTab__A
                          const    0x00003118     0x28  ble_release_prm4f.orm4f [3]
    .rodata               const    0x00003140    0x144  ble_user_config.o [1]
    .rodata               const    0x00003284    0x188  board.o [1]
    .rodata               const    0x0000340c     0x1c  devinfoservice.o [1]
    .rodata               const    0x00003428     0x74  icall_user_config.o [1]
    .rodata               const    0x0000349c     0x18  simple_gatt_profile.o [1]
    .rodata               const    0x000034b4     0x94  simple_peripheral_menu.o [1]
[...]
                        0x00001230          Data  Gb  command line/config [4]
ti_sysbios_knl_Task_numConstructedTasks__C {Abs}
                        0x00001228          Data  Gb  command line/config [4]
ti_sysbios_knl_Task_postInit__I {Abs}
                        0x1002ca59          Data  Gb  command line/config [4]
ti_sysbios_knl_Task_processVitalTaskFlag__I {Abs}
                        0x1002dc81          Data  Gb  command line/config [4]
ti_sysbios_knl_Task_restoreHwi__E {Abs}
                        0x1002e3dd          Data  Gb  command line/config [4]
ti_sysbios_knl_Task_restore__E {Abs}
                        0x1002df45          Data  Gb  command line/config [4]
ti_sysbios_knl_Task_schedule__I {Abs}
                        0x1002cc39          Data  Gb  command line/config [4]
ti_sysbios_knl_Task_self__E {Abs}
                        0x1002eaf5          Data  Gb  command line/config [4]
ti_sysbios_knl_Task_sleepTimeout__I {Abs}
                        0x1002e989          Data  Gb  command line/config [4]
ti_sysbios_knl_Task_sleep__E {Abs}
                        0x1002ce01          Data  Gb  command line/config [4]
ti_sysbios_knl_Task_startCore__E {Abs}
                        0x1002ccad          Data  Gb  command line/config [4]
ti_sysbios_knl_Task_startup__E {Abs}
                        0x1002eceb          Data  Gb  command line/config [4]
ti_sysbios_knl_Task_swapReturn {Abs}
                        0x1002fb83          Data  Gb  command line/config [4]
ti_sysbios_knl_Task_unblockI__E {Abs}
                        0x1002dcb9          Data  Gb  command line/config [4]
ti_sysbios_knl_Task_unblock__E {Abs}
                        0x1002e9a3          Data  Gb  command line/config [4]
ti_sysbios_knl_Task_yield__E {Abs}
                        0x1002d7fd          Data  Gb  command line/config [4]
ti_sysbios_rom_cortexm_cc26xx_cc26x2v2_CC26xx_badRomRevision__E
                        0x0000d4f1     0x2  Code  Gb  ble_release_prm4f.orm4f [3]
timeMSec                0x20004ee4     0x4  Data  Lc  osal_clock.o [6]
trngCC26XXObjects       0x20004ef4     0x1  Data  Gb  board.o [1]
trngDriverTable         0x00003448     0xc  Data  Gb  icall_user_config.o [1]
trngDrvTblPtr {Abs}     0x20000f2c     0x4  Data  Gb  ble_r2.symbols [2]
trxTestCmd {Abs}        0x20000b94    0x1c  Data  Gb  ble_r2.symbols [2]
txDataQ {Abs}           0x20000ea4     0x4  Data  Gb  ble_r2.symbols [2]
txFifoBytes             0x00012e84     0x8  Data  Lc  UARTCC26XX.orm4f [11]
txFifoThreshold         0x00012e74     0x8  Data  Lc  UARTCC26XX.orm4f [11]
uartCC26XXHWAttrs       0x0000337c    0x50  Data  Gb  board.o [1]
uartCC26XXObjects       0x200045e8   0x250  Data  Gb  board.o [1]
uartCC26XXRingBuffer    0x20004838    0x40  Data  Gb  board.o [1]
uartPostNotify          0x00012e35    0x14  Code  Lc  UARTCC26XX.orm4f [11]
uartRxPowerConstraint   0x20003325     0x1  Data  Lc  UARTCC26XX.orm4f [11]
uartStringBuf           0x200043b0    0x80  Data  Lc  board.o [1]
uartTxPowerConstraint   0x20003326     0x1  Data  Lc  UARTCC26XX.orm4f [11]
ucInterrupted           0x20004898     0x4  Data  Lc  DevicePort.o [1]
udmaHWAttrs             0x000033e8     0x8  Data  Gb  board.o [1]
udmaObjects             0x20004878    0x20  Data  Gb  board.o [1]
user0Cfg                0x20001ea8    0x10  Data  Gb  main.o [1]
verInfo {Abs}           0x20000e70     0x8  Data  Gb  ble_r2.symbols [2]
wlSize                  0x20004f0a     0x1  Data  Wk  ll_config.o [15]
wlTable {Abs}           0x20000f6c     0x4  Data  Gb  ble_r2.symbols [2]
wlTableScan {Abs}       0x20000f70     0x4  Data  Gb  ble_r2.symbols [2]
writeData               0x000122f5    0x36  Code  Lc  UARTCC26XX.orm4f [11]
writeFinishedDoCallback
                        0x000123e3    0x46  Code  Lc  UARTCC26XX.orm4f [11]
writeSem                0x20004b8c     0x4  Data  Lc  NVSCC26XX.orm4f [11]
writeSemCallback        0x000122e5     0x8  Code  Lc  UARTCC26XX.orm4f [11]
writeTxFifoFlush        0x00012429    0x90  Code  Lc  UARTCC26XX.orm4f [11]
xdcRomConstPtr          0x20000100     0x4  Data  Gb  ble_release_prm4f.orm4f [3]
xdcRomExternFuncPtr     0x20000104     0x4  Data  Gb  ble_release_prm4f.orm4f [3]
xdcRomStatePtr          0x20000108     0x4  Data  Gb  ble_release_prm4f.orm4f [3]
xdc_runtime_Assert_E_assertFailed__C {Abs}
                        0x000011a8          Data  Gb  command line/config [4]
xdc_runtime_Assert_raise__I {Abs}
                        0x1002f421          Data  Gb  command line/config [4]
xdc_runtime_Core_assignLabel__I {Abs}
                        0x1002f659          Data  Gb  command line/config [4]
xdc_runtime_Core_assignParams__I {Abs}
                        0x1002f4c9          Data  Gb  command line/config [4]
xdc_runtime_Core_constructObject__I {Abs}
                        0x1002f511          Data  Gb  command line/config [4]
xdc_runtime_Core_createObject__I {Abs}
                        0x1002f2f9          Data  Gb  command line/config [4]
xdc_runtime_Core_deleteObject__I {Abs}
                        0x1002f367          Data  Gb  command line/config [4]
xdc_runtime_Core_destructObject__I {Abs}
                        0x1002f803          Data  Gb  command line/config [4]
xdc_runtime_Error_E_memory__C {Abs}
                        0x00001284          Data  Gb  command line/config [4]
xdc_runtime_Error_IgnoreBlock
                        0x200022b8    0x20  Data  Gb  ble_release_prm4f.orm4f [3]
xdc_runtime_Error_check__E {Abs}
                        0x1002f779          Data  Gb  command line/config [4]
xdc_runtime_Error_init__E
                        0x00015a61    0x14  Code  Wk  rom_sysbios.obj [19]
xdc_runtime_Error_policyFxn__C {Abs}
                        0x00001124          Data  Gb  command line/config [4]
xdc_runtime_Error_policySpin__E {Abs}
                        0x1002f1f7          Data  Gb  command line/config [4]
xdc_runtime_Error_policy__C {Abs}
                        0x00001000          Data  Gb  command line/config [4]
xdc_runtime_Error_raiseX__E {Abs}
                        0x1002f739          Data  Gb  command line/config [4]
xdc_runtime_Gate_enterSystem__E {Abs}
                        0x1002f91b          Data  Gb  command line/config [4]
xdc_runtime_Gate_leaveSystem__E {Abs}
                        0x1002f90f          Data  Gb  command line/config [4]
xdc_runtime_IGateProvider_Interface__BASE__C {Abs}
                        0x00001328          Data  Gb  command line/config [4]
xdc_runtime_IHeap_Interface__BASE__C {Abs}
                        0x000011b0          Data  Gb  command line/config [4]
xdc_runtime_IModule_Interface__BASE__C {Abs}
                        0x00001004          Data  Gb  command line/config [4]
xdc_runtime_Memory_HeapProxy_Handle__label__S {Abs}
                        0x1002e529          Data  Gb  command line/config [4]
xdc_runtime_Memory_HeapProxy_alloc__E {Abs}
                        0x1002f8f1          Data  Gb  command line/config [4]
xdc_runtime_Memory_HeapProxy_free__E {Abs}
                        0x1002f8fb          Data  Gb  command line/config [4]
xdc_runtime_Memory_HeapProxy_getStats__E {Abs}
                        0x1002f905          Data  Gb  command line/config [4]
xdc_runtime_Memory_Module__id__C {Abs}
                        0x0000114c          Data  Gb  command line/config [4]
xdc_runtime_Memory_Module__state__V {Abs}
                        0x20001144          Data  Gb  command line/config [4]
xdc_runtime_Memory_alloc__E {Abs}
                        0x1002f289          Data  Gb  command line/config [4]
xdc_runtime_Memory_calloc__E {Abs}
                        0x1002f8d9          Data  Gb  command line/config [4]
xdc_runtime_Memory_defaultHeapInstance__C {Abs}
                        0x000013ac          Data  Gb  command line/config [4]
xdc_runtime_Memory_free__E {Abs}
                        0x1002f81d          Data  Gb  command line/config [4]
xdc_runtime_Memory_getMaxDefaultTypeAlign__E {Abs}
                        0x1002f8a9          Data  Gb  command line/config [4]
xdc_runtime_Memory_getStats__E {Abs}
                        0x1002f831          Data  Gb  command line/config [4]
xdc_runtime_Memory_valloc__E {Abs}
                        0x1002f795          Data  Gb  command line/config [4]
xdc_runtime_Registry_Module__state__V {Abs}
                        0x200010b8          Data  Gb  command line/config [4]
xdc_runtime_Registry_findById__E {Abs}
                        0x1002f759          Data  Gb  command line/config [4]
xdc_runtime_Startup_Module__state__V {Abs}
                        0x200010b0          Data  Gb  command line/config [4]
xdc_runtime_Startup__EXECFXN__C {Abs}
                        0x00000001          Data  Gb  command line/config [4]
xdc_runtime_Startup__RESETFXN__C {Abs}
                        0x00000001          Data  Gb  command line/config [4]
xdc_runtime_Startup_execImpl__C {Abs}
                        0x00001054          Data  Gb  command line/config [4]
xdc_runtime_Startup_exec__E {Abs}
                        0x1002f475          Data  Gb  command line/config [4]
xdc_runtime_Startup_exec__I
                        0x0000d39d    0x14  Code  Gb  ble_release_prm4f.orm4f [3]
xdc_runtime_Startup_firstFxns__A
                        0x000030f4    0x10  Data  Gb  ble_release_prm4f.orm4f [3]
xdc_runtime_Startup_firstFxns__C {Abs}
                        0x00001130          Data  Gb  command line/config [4]
xdc_runtime_Startup_getState__I
                        0x0000d315    0x88  Code  Gb  ble_release_prm4f.orm4f [3]
xdc_runtime_Startup_lastFxns__C {Abs}
                        0x00001008          Data  Gb  command line/config [4]
xdc_runtime_Startup_maxPasses__C {Abs}
                        0x0000122c          Data  Gb  command line/config [4]
xdc_runtime_Startup_reset__I
                        0x0000d3b1    0x22  Code  Gb  ble_release_prm4f.orm4f [3]
xdc_runtime_Startup_rtsDone__E {Abs}
                        0x1002f8e5          Data  Gb  command line/config [4]
xdc_runtime_Startup_sfxnRts__A
                        0x00003104    0x14  Data  Gb  ble_release_prm4f.orm4f [3]
xdc_runtime_Startup_sfxnRts__C {Abs}
                        0x000012a4          Data  Gb  command line/config [4]
xdc_runtime_Startup_sfxnTab__A
                        0x00003118    0x28  Data  Gb  ble_release_prm4f.orm4f [3]
xdc_runtime_Startup_sfxnTab__C {Abs}
                        0x000013b4          Data  Gb  command line/config [4]
xdc_runtime_Startup_startModsFxn__C {Abs}
                        0x00001330          Data  Gb  command line/config [4]
xdc_runtime_Startup_startMods__I {Abs}
                        0x1002f055          Data  Gb  command line/config [4]
xdc_runtime_SysCallback_Module__startupDone__S {Abs}
                        0x1002f91f          Data  Gb  command line/config [4]
xdc_runtime_SysCallback_abortFxn__C {Abs}
                        0x00001368          Data  Gb  command line/config [4]
xdc_runtime_SysCallback_abort__E {Abs}
                        0x1002f845          Data  Gb  command line/config [4]
xdc_runtime_SysCallback_defaultAbort
                        0x0000860b     0x2  Code  Wk  rom_sysbios.obj [19]
xdc_runtime_SysCallback_defaultExit
                        0x0000976b     0x2  Code  Wk  rom_sysbios.obj [19]
xdc_runtime_SysCallback_defaultFlush
                        0x000075d3     0x2  Code  Wk  rom_sysbios.obj [19]
xdc_runtime_SysCallback_defaultPutch
                        0x000097f7     0x2  Code  Wk  rom_sysbios.obj [19]
xdc_runtime_SysCallback_defaultReady
                        0x0001a08f     0x4  Code  Wk  rom_sysbios.obj [19]
xdc_runtime_SysCallback_exitFxn__C {Abs}
                        0x000011b4          Data  Gb  command line/config [4]
xdc_runtime_SysCallback_exit__E {Abs}
                        0x1002f859          Data  Gb  command line/config [4]
xdc_runtime_SysCallback_flushFxn__C {Abs}
                        0x00001150          Data  Gb  command line/config [4]
xdc_runtime_SysCallback_flush__E {Abs}
                        0x1002f86d          Data  Gb  command line/config [4]
xdc_runtime_SysCallback_putchFxn__C {Abs}
                        0x000012e8          Data  Gb  command line/config [4]
xdc_runtime_SysCallback_putch__E {Abs}
                        0x1002f881          Data  Gb  command line/config [4]
xdc_runtime_SysCallback_readyFxn__C {Abs}
                        0x0000131c          Data  Gb  command line/config [4]
xdc_runtime_SysCallback_ready__E {Abs}
                        0x1002f895          Data  Gb  command line/config [4]
xdc_runtime_System_Module_GateProxy_Handle__label__S {Abs}
                        0x1002e499          Data  Gb  command line/config [4]
xdc_runtime_System_Module_GateProxy_enter__E {Abs}
                        0x1002f923          Data  Gb  command line/config [4]
xdc_runtime_System_Module_GateProxy_leave__E {Abs}
                        0x1002f927          Data  Gb  command line/config [4]
xdc_runtime_System_Module_GateProxy_query__E {Abs}
                        0x1002ec93          Data  Gb  command line/config [4]
xdc_runtime_System_Module__state__V {Abs}
                        0x20001148          Data  Gb  command line/config [4]
xdc_runtime_System_Module_startup__E {Abs}
                        0x1002f915          Data  Gb  command line/config [4]
xdc_runtime_System_SupportProxy_Module__startupDone__S
                        0x0000d523     0x4  Code  Gb  ble_release_prm4f.orm4f [3]
xdc_runtime_System_SupportProxy_abort__E
                        0x0000d527     0x4  Code  Gb  ble_release_prm4f.orm4f [3]
xdc_runtime_System_SupportProxy_exit__E
                        0x0000d52b     0x4  Code  Gb  ble_release_prm4f.orm4f [3]
xdc_runtime_System_SupportProxy_flush__E
                        0x0000d52f     0x4  Code  Gb  ble_release_prm4f.orm4f [3]
xdc_runtime_System_SupportProxy_putch__E
                        0x0000d533     0x4  Code  Gb  ble_release_prm4f.orm4f [3]
xdc_runtime_System_SupportProxy_ready__E
                        0x0000d537     0x4  Code  Gb  ble_release_prm4f.orm4f [3]
xdc_runtime_System_abortFxn__C {Abs}
                        0x00001234          Data  Gb  command line/config [4]
xdc_runtime_System_abortSpin__E {Abs}
                        0x1002f81b          Data  Gb  command line/config [4]
xdc_runtime_System_abort__E {Abs}
                        0x1002f711          Data  Gb  command line/config [4]
xdc_runtime_System_atexit__E {Abs}
                        0x1002f559          Data  Gb  command line/config [4]
xdc_runtime_System_doPrint__I {Abs}
                        0x1002ecf1          Data  Gb  command line/config [4]
xdc_runtime_System_exitFxn__C {Abs}
                        0x00001298          Data  Gb  command line/config [4]
xdc_runtime_System_exitSpin__E {Abs}
                        0x1002f92f          Data  Gb  command line/config [4]
xdc_runtime_System_exit__E {Abs}
                        0x1002f7b1          Data  Gb  command line/config [4]
xdc_runtime_System_extendFxn__C {Abs}
                        0x00001338          Data  Gb  command line/config [4]
xdc_runtime_System_formatNum__I
                        0x00015a75    0x4c  Code  Wk  rom_sysbios.obj [19]
xdc_runtime_System_maxAtexitHandlers__C {Abs}
                        0x000011ec          Data  Gb  command line/config [4]
xdc_runtime_System_printfExtend__I
                        0x0000d3d3    0xba  Code  Gb  ble_release_prm4f.orm4f [3]
xdc_runtime_System_printf__E {Abs}
                        0x1002f7e9          Data  Gb  command line/config [4]
xdc_runtime_System_printf_va__F {Abs}
                        0x1002f92b          Data  Gb  command line/config [4]
xdc_runtime_System_processAtExit__E {Abs}
                        0x1002f5e5          Data  Gb  command line/config [4]
xdc_runtime_System_putchar__I {Abs}
                        0x1002f625          Data  Gb  command line/config [4]
xdc_runtime_System_vprintf__E {Abs}
                        0x1002f6b9          Data  Gb  command line/config [4]
xdc_runtime_System_vsnprintf__E {Abs}
                        0x1002f8b9          Data  Gb  command line/config [4]
xdc_runtime_Text_charCnt__C {Abs}
                        0x00001114          Data  Gb  command line/config [4]
xdc_runtime_Text_charTab__A
                        0x0000baf2     0x1  Data  Gb  ble_release_prm4f.orm4f [3]
xdc_runtime_Text_charTab__C {Abs}
                        0x00001138          Data  Gb  command line/config [4]
xdc_runtime_Text_cordText__E {Abs}
                        0x1002f6e5          Data  Gb  command line/config [4]
xdc_runtime_Text_isLoaded__C {Abs}
                        0x00001090          Data  Gb  command line/config [4]
xdc_runtime_Text_nameEmpty__C {Abs}
                        0x0000135c          Data  Gb  command line/config [4]
xdc_runtime_Text_nameStatic__C {Abs}
                        0x0000130c          Data  Gb  command line/config [4]
xdc_runtime_Text_nameUnknown__C {Abs}
                        0x000013a8          Data  Gb  command line/config [4]
xdc_runtime_Text_printVisFxn__I {Abs}
                        0x1002f689          Data  Gb  command line/config [4]
xdc_runtime_Text_putLab__E {Abs}
                        0x1002f3c5          Data  Gb  command line/config [4]
xdc_runtime_Text_putMod__E {Abs}
                        0x1002f1f9          Data  Gb  command line/config [4]
xdc_runtime_Text_putSite__E {Abs}
                        0x1002f15d          Data  Gb  command line/config [4]
xdc_runtime_Text_registryModsLastId__C {Abs}
                        0x000011f4          Data  Gb  command line/config [4]
xdc_runtime_Text_ropeText__E {Abs}
                        0x1002f7cd          Data  Gb  command line/config [4]
xdc_runtime_Text_unnamedModsLastId__C {Abs}
                        0x00001320          Data  Gb  command line/config [4]
xdc_runtime_Text_visitRopeFxn__C {Abs}
                        0x00001364          Data  Gb  command line/config [4]
xdc_runtime_Text_visitRope__I
                        0x0000d48d     0x8  Code  Gb  ble_release_prm4f.orm4f [3]
xdc_runtime_Text_xprintf__I {Abs}
                        0x1002f5a1          Data  Gb  command line/config [4]
xdc_runtime_Timestamp_SupportProxy_get32__E {Abs}
                        0x1002f8c9          Data  Gb  command line/config [4]
xdc_runtime_Timestamp_SupportProxy_get64__E {Abs}
                        0x1002dffd          Data  Gb  command line/config [4]
xdc_runtime_Timestamp_SupportProxy_getFreq__E {Abs}
                        0x1002eb3d          Data  Gb  command line/config [4]
xdc_runtime_Timestamp_get32__E {Abs}
                        0x1002f8c9          Data  Gb  command line/config [4]
xdc_runtime_Timestamp_get64__E {Abs}
                        0x1002dffd          Data  Gb  command line/config [4]
xdc_runtime_Timestamp_getFreq__E {Abs}
                        0x1002eb3d          Data  Gb  command line/config [4]
xor_128 {Abs}           0x1002697d    0x14  Code  Gb  ble_r2.symbols [2]


[1] = C:\ti\simplelink_cc13x2_26x2_sdk_2_40_00_81\examples\rtos\CC26X2R1_LAUNCHXL\ble5stack\CC2642_Impedance_3\tirtos\iar\app\FlashROM_Release\Obj
[2] = C:\ti\simplelink_cc13x2_26x2_sdk_2_40_00_81\examples\rtos\CC26X2R1_LAUNCHXL\ble5stack\CC2642_Impedance_3\tirtos\iar\config
[3] = C:\ti\simplelink_cc13x2_26x2_sdk_2_40_00_81\examples\rtos\CC26X2R1_LAUNCHXL\ble5stack\CC2642_Impedance_3\tirtos\iar\config\configPkg\package\cfg
[4] = command line
[5] = boot.arm4f
[6] = cc26x2r1lp_stack_FlashROM_Library.a
[7] = display.arm4f
[8] = dl7M_tln.a
[9] = dpl_cc26x2.arm4f
[10] = driverlib.lib
[11] = drivers_cc26x2.arm4f
[12] = gatt_pxxx.a
[13] = hci_pxxx.a
[14] = hci_tl_none.a
[15] = ll_pxxx.a
[16] = m7M_tls.a
[17] = profiles_pxxx.a
[18] = rf_multiMode_cc26x2.arm4f
[19] = rom_sysbios.arm4f
[20] = rt7M_tl.a
[21] = sm_pxxx.a

  96 612 bytes of readonly  code memory
   8 612 bytes of readonly  data memory
  14 598 bytes of readwrite data memory (+ 16 384 absolute)

Errors: none
Warnings: none
